[21Sep2026 19:43:17.784] [main/INFO] [net.neoforged.fml.startup.Entrypoint/]: JVM Uptime at startup: 80ms
[21Sep2026 19:43:17.803] [main/INFO] [net.neoforged.fml.loading.FMLLoader/]: Starting FancyModLoader version 10.0.36 (DEDICATED_SERVER in PROD)
[21Sep2026 19:43:17.803] [main/INFO] [net.neoforged.fml.loading.FMLLoader/]: Game directory: /workspaces/server-1.21.11
[21Sep2026 19:43:17.810] [main/DEBUG] [net.neoforged.fml.loading.FMLPaths/CORE]: Path GAMEDIR is /workspaces/server-1.21.11
[21Sep2026 19:43:17.811] [main/DEBUG] [net.neoforged.fml.loading.FMLPaths/CORE]: Path JIJ_CACHEDIR is /workspaces/server-1.21.11/.cache/jij
[21Sep2026 19:43:17.811] [main/DEBUG] [net.neoforged.fml.loading.FMLPaths/CORE]: Path MODSDIR is /workspaces/server-1.21.11/mods
[21Sep2026 19:43:17.811] [main/DEBUG] [net.neoforged.fml.loading.FMLPaths/CORE]: Path CONFIGDIR is /workspaces/server-1.21.11/config
[21Sep2026 19:43:17.811] [main/DEBUG] [net.neoforged.fml.loading.FMLPaths/CORE]: Path FMLCONFIG is /workspaces/server-1.21.11/config/fml.toml
[21Sep2026 19:43:17.869] [main/DEBUG] [net.neoforged.fml.loading.EarlyServiceDiscovery/]: libraries/net/neoforged/fancymodloader/earlydisplay/10.0.36/earlydisplay-10.0.36.jar contains early service net.neoforged.neoforgespi.earlywindow.ImmediateWindowProvider
[21Sep2026 19:43:17.881] [main/DEBUG] [net.neoforged.fml.loading.moddiscovery.ModFile/LOADING]: Loading mod file libraries/net/neoforged/fancymodloader/earlydisplay/10.0.36/earlydisplay-10.0.36.jar with languages []
[21Sep2026 19:43:17.883] [main/DEBUG] [net.neoforged.fml.loading.EarlyServiceDiscovery/]: libraries/net/neoforged/fancymodloader/loader/10.0.36/loader-10.0.36.jar contains early service net.neoforged.neoforgespi.locating.IModFileReader
[21Sep2026 19:43:17.884] [main/DEBUG] [net.neoforged.fml.loading.moddiscovery.ModFile/LOADING]: Loading mod file libraries/net/neoforged/fancymodloader/loader/10.0.36/loader-10.0.36.jar with languages []
[21Sep2026 19:43:17.886] [main/INFO] [net.neoforged.fml.loading.EarlyServiceDiscovery/]: Found 2 early service jars (out of 68) in 32ms
[21Sep2026 19:43:17.889] [main/INFO] [net.neoforged.fml.loading.FMLLoader/]: Loading FML Early Services:
[21Sep2026 19:43:17.892] [main/INFO] [net.neoforged.fml.loading.FMLLoader/]:  - libraries/net/neoforged/fancymodloader/earlydisplay/10.0.36/earlydisplay-10.0.36.jar
[21Sep2026 19:43:17.894] [main/INFO] [net.neoforged.fml.loading.FMLLoader/]:  - libraries/net/neoforged/fancymodloader/loader/10.0.36/loader-10.0.36.jar
[21Sep2026 19:43:17.903] [main/DEBUG] [net.neoforged.fml.util.ServiceLoaderUtil/CORE]: Found 0 implementations of GraphicsBootstrapper:
[21Sep2026 19:43:17.904] [main/INFO] [net.neoforged.fml.loading.ImmediateWindowHandler/]: Not loading early display in headless mode.
[21Sep2026 19:43:17.913] [main/DEBUG] [net.neoforged.fml.util.ServiceLoaderUtil/CORE]: Found 4 implementations of IModFileCandidateLocator:
[21Sep2026 19:43:17.917] [main/DEBUG] [net.neoforged.fml.util.ServiceLoaderUtil/CORE]: 	    1000 - [built-in] net.neoforged.fml.loading.moddiscovery.locators.GameLocator from libraries/net/neoforged/fancymodloader/loader/10.0.36/loader-10.0.36.jar
[21Sep2026 19:43:17.918] [main/DEBUG] [net.neoforged.fml.util.ServiceLoaderUtil/CORE]: 	    1000 - [built-in] net.neoforged.fml.loading.moddiscovery.locators.InDevFolderLocator from libraries/net/neoforged/fancymodloader/loader/10.0.36/loader-10.0.36.jar
[21Sep2026 19:43:17.918] [main/DEBUG] [net.neoforged.fml.util.ServiceLoaderUtil/CORE]: 	    1000 - [built-in] net.neoforged.fml.loading.moddiscovery.locators.InDevJarLocator from libraries/net/neoforged/fancymodloader/loader/10.0.36/loader-10.0.36.jar
[21Sep2026 19:43:17.918] [main/DEBUG] [net.neoforged.fml.util.ServiceLoaderUtil/CORE]: 	       0 - [built-in] net.neoforged.fml.loading.moddiscovery.locators.ModsFolderLocator from libraries/net/neoforged/fancymodloader/loader/10.0.36/loader-10.0.36.jar
[21Sep2026 19:43:17.920] [main/DEBUG] [net.neoforged.fml.util.ServiceLoaderUtil/CORE]: Found 2 implementations of IModFileReader:
[21Sep2026 19:43:17.921] [main/DEBUG] [net.neoforged.fml.util.ServiceLoaderUtil/CORE]: 	       0 - net.neoforged.fml.loading.moddiscovery.readers.JarModsDotTomlModFileReader from libraries/net/neoforged/fancymodloader/loader/10.0.36/loader-10.0.36.jar
[21Sep2026 19:43:17.921] [main/DEBUG] [net.neoforged.fml.util.ServiceLoaderUtil/CORE]: 	   -1000 - net.neoforged.fml.loading.moddiscovery.readers.NestedLibraryModReader from libraries/net/neoforged/fancymodloader/loader/10.0.36/loader-10.0.36.jar
[21Sep2026 19:43:17.924] [main/DEBUG] [net.neoforged.fml.util.ServiceLoaderUtil/CORE]: Found 1 implementations of IDependencyLocator:
[21Sep2026 19:43:17.924] [main/DEBUG] [net.neoforged.fml.util.ServiceLoaderUtil/CORE]: 	       0 - net.neoforged.fml.loading.moddiscovery.locators.JarInJarDependencyLocator from libraries/net/neoforged/fancymodloader/loader/10.0.36/loader-10.0.36.jar
[21Sep2026 19:43:17.931] [main/INFO] [net.neoforged.fml.loading.moddiscovery.locators.GameLocator/]: Failed to find common Minecraft classes and resources on the classpath. Assuming we're launching production.
[21Sep2026 19:43:17.941] [main/DEBUG] [net.neoforged.fml.loading.moddiscovery.ModFileParser/LOADING]: Considering mod file candidate libraries/net/neoforged/minecraft-server-patched/21.11.45/minecraft-server-patched-21.11.45.jar
[21Sep2026 19:43:17.974] [main/DEBUG] [net.neoforged.fml.loading.moddiscovery.ModFileInfo/LOADING]: Found valid mod file minecraft-server-patched-21.11.45.jar with {minecraft} mods - versions {1.21.11}
[21Sep2026 19:43:17.989] [main/DEBUG] [net.neoforged.fml.loading.moddiscovery.ModFile/LOADING]: Loading mod file libraries/net/neoforged/minecraft-server-patched/21.11.45/minecraft-server-patched-21.11.45.jar with languages [LanguageSpec[languageName=minecraft, acceptedVersions=null]]
[21Sep2026 19:43:17.990] [main/DEBUG] [net.neoforged.fml.loading.moddiscovery.ModFileParser/LOADING]: Considering mod file candidate libraries/net/neoforged/neoforge/21.11.45/neoforge-21.11.45-universal.jar
[21Sep2026 19:43:17.995] [main/DEBUG] [net.neoforged.fml.loading.moddiscovery.ModFileInfo/LOADING]: Found valid mod file neoforge-21.11.45-universal.jar with {neoforge} mods - versions {21.11.45}
[21Sep2026 19:43:17.995] [main/DEBUG] [net.neoforged.fml.loading.moddiscovery.ModFile/LOADING]: Loading mod file libraries/net/neoforged/neoforge/21.11.45/neoforge-21.11.45-universal.jar with languages [LanguageSpec[languageName=javafml, acceptedVersions=[3,]]]
[21Sep2026 19:43:17.999] [main/DEBUG] [net.neoforged.fml.loading.moddiscovery.ModFile/LOADING]: Found mixin config MixinConfig[config=neoforge.mixins.json, requiredMods=[], behaviorVersion=null]
[21Sep2026 19:43:18.014] [main/DEBUG] [net.neoforged.fml.loading.moddiscovery.ModFileParser/LOADING]: Considering mod file candidate /workspaces/server-1.21.11/mods/authme-neoforge-9.1.0+1.21.11.jar
[21Sep2026 19:43:18.021] [main/DEBUG] [net.neoforged.fml.loading.moddiscovery.ModFileInfo/LOADING]: Found valid mod file authme-neoforge-9.1.0+1.21.11.jar with {authme} mods - versions {9.1.0+1.21.11}
[21Sep2026 19:43:18.021] [main/DEBUG] [net.neoforged.fml.loading.moddiscovery.ModFile/LOADING]: Loading mod file /workspaces/server-1.21.11/mods/authme-neoforge-9.1.0+1.21.11.jar with languages [LanguageSpec[languageName=javafml, acceptedVersions=[4,)]]
[21Sep2026 19:43:18.021] [main/DEBUG] [net.neoforged.fml.loading.moddiscovery.ModFile/LOADING]: Found mixin config MixinConfig[config=authme.mixins.json, requiredMods=[], behaviorVersion=null]
[21Sep2026 19:43:18.021] [main/DEBUG] [net.neoforged.fml.loading.moddiscovery.ModFile/LOADING]: Found mixin config MixinConfig[config=authme.neoforge.mixins.json, requiredMods=[], behaviorVersion=null]
[21Sep2026 19:43:18.138] [main/DEBUG] [net.neoforged.fml.loading.moddiscovery.ModFile/LOADING]: Loading mod file /workspaces/server-1.21.11/.cache/jij/9822e773bd9f42d36ed53ea3d67486207291747a7bfacc29beeb92040721bc9b/mixinextras-neoforge-0.5.3.jar with languages []
[21Sep2026 19:43:18.140] [main/DEBUG] [net.neoforged.fml.loading.moddiscovery.ModFile/LOADING]: Loading mod file /workspaces/server-1.21.11/.cache/jij/54bb3c61f37ced77ba30dc02ca5b2f71ced259612101a8b1325855cff9d9755c/net.neoforged.neoforge-coremods-21.11.45.jar with languages []
[21Sep2026 19:43:18.171] [main/DEBUG] [net.neoforged.fml.loading.moddiscovery.ModFile/LOADING]: Loading mod file /workspaces/server-1.21.11/.cache/jij/a11e1ae9bd78c2d2e28322d4c791771c3cfa0a95f0099ef55210ea8f01ec5f47/httpclient-4.5.14.jar with languages []
[21Sep2026 19:43:18.176] [main/DEBUG] [net.neoforged.fml.loading.moddiscovery.ModFile/LOADING]: Loading mod file /workspaces/server-1.21.11/.cache/jij/6958bf02c34640fdc503ab9a3686f3752b8a5f566c60e715e91840f24e30853f/commons-logging-1.3.5.jar with languages []
[21Sep2026 19:43:18.181] [main/DEBUG] [net.neoforged.fml.loading.moddiscovery.ModFileParser/LOADING]: Considering mod file candidate /workspaces/server-1.21.11/.cache/jij/23bf80e3686eb14762619bd3c4286cfe85cd85e252c478104afee5b69216b0cb/resourcefulconfig-neoforge-1.21.11-3.11.2.jar
[21Sep2026 19:43:18.182] [main/DEBUG] [net.neoforged.fml.loading.moddiscovery.ModFileInfo/LOADING]: Found valid mod file resourcefulconfig-neoforge-1.21.11-3.11.2.jar with {resourcefulconfig} mods - versions {3.11.2}
[21Sep2026 19:43:18.182] [main/DEBUG] [net.neoforged.fml.loading.moddiscovery.ModFile/LOADING]: Loading mod file /workspaces/server-1.21.11/.cache/jij/23bf80e3686eb14762619bd3c4286cfe85cd85e252c478104afee5b69216b0cb/resourcefulconfig-neoforge-1.21.11-3.11.2.jar with languages [LanguageSpec[languageName=javafml, acceptedVersions=[1,)]]
[21Sep2026 19:43:18.182] [main/DEBUG] [net.neoforged.fml.loading.moddiscovery.ModFile/LOADING]: Found mixin config MixinConfig[config=resourcefulconfig.mixins.json, requiredMods=[], behaviorVersion=null]
[21Sep2026 19:43:18.187] [main/DEBUG] [net.neoforged.fml.loading.moddiscovery.ModFile/LOADING]: Loading mod file /workspaces/server-1.21.11/.cache/jij/9b1b7991957f84bb8041fc4befccc9c534f5a1d6d2499a463f8b6f1fdfcd15e0/httpcore-4.4.16.jar with languages []
[21Sep2026 19:43:18.229] [main/INFO] [net.neoforged.fml.loading.moddiscovery.locators.JarInJarDependencyLocator/]: Found 6 dependencies adding them to mods collection
[21Sep2026 19:43:18.232] [main/INFO] [net.neoforged.fml.loading.moddiscovery.ModDiscoverer/]: 
     Mod List:
		Name Version (Mod Id)

		Auth Me 9.1.0+1.21.11 (authme)
		Minecraft 1.21.11 (minecraft)
		NeoForge 21.11.45 (neoforge)
		Resourcefulconfig 3.11.2 (resourcefulconfig)
[21Sep2026 19:43:18.238] [main/DEBUG] [net.neoforged.fml.loading.ModSorter/]: Configured system mods: [minecraft, neoforge]
[21Sep2026 19:43:18.238] [main/DEBUG] [net.neoforged.fml.loading.ModSorter/]: Found system mod: minecraft
[21Sep2026 19:43:18.239] [main/DEBUG] [net.neoforged.fml.loading.ModSorter/]: Found system mod: neoforge
[21Sep2026 19:43:18.243] [main/DEBUG] [net.neoforged.fml.loading.ModSorter/LOADING]: Found 4 mod requirements (4 mandatory, 0 optional)
[21Sep2026 19:43:18.243] [main/DEBUG] [net.neoforged.fml.loading.ModSorter/LOADING]: Found 0 mod requirements missing (0 mandatory, 0 optional)
[21Sep2026 19:43:18.495] [main/INFO] [mixin/]: SpongePowered MIXIN Subsystem Version=0.8.7 Source=file:/workspaces/server-1.21.11/libraries/net/fabricmc/sponge-mixin/0.16.5+mixin.0.8.7/sponge-mixin-0.16.5+mixin.0.8.7.jar Service=FML Env=SERVER
[21Sep2026 19:43:18.526] [main/DEBUG] [mixin/]: Initialising Mixin Platform Manager
[21Sep2026 19:43:18.526] [main/DEBUG] [mixin/]: Adding mixin platform agents for container ContainerHandleVirtual(fml:18c85)
[21Sep2026 19:43:18.527] [main/DEBUG] [mixin/]: Instancing new MixinPlatformAgentDefault for ContainerHandleVirtual(fml:18c85)
[21Sep2026 19:43:18.527] [main/DEBUG] [mixin/]: MixinPlatformAgentDefault accepted container ContainerHandleVirtual(fml:18c85)
[21Sep2026 19:43:18.528] [main/DEBUG] [mixin/]: Instancing new MixinPlatformAgentDefault for ContainerHandleVirtual(fml:18c85)
[21Sep2026 19:43:18.528] [main/DEBUG] [mixin/]: MixinPlatformAgentDefault accepted container ContainerHandleVirtual(fml:18c85)
[21Sep2026 19:43:18.528] [main/DEBUG] [mixin/]: Processing prepare() for PlatformAgent[MixinPlatformAgentDefault:ContainerHandleVirtual(fml:18c85)]
[21Sep2026 19:43:18.528] [main/DEBUG] [mixin/]: Processing prepare() for PlatformAgent[MixinPlatformAgentDefault:ContainerHandleVirtual(fml:18c85)]
[21Sep2026 19:43:18.529] [main/INFO] [net.neoforged.fml.loading.FMLLoader/]: Loading FML Plugins:
[21Sep2026 19:43:18.531] [main/INFO] [net.neoforged.fml.loading.FMLLoader/]:  - mods/authme-neoforge-9.1.0+1.21.11.jar > httpcore-4.4.16.jar
[21Sep2026 19:43:18.532] [main/INFO] [net.neoforged.fml.loading.FMLLoader/]:  - mods/authme-neoforge-9.1.0+1.21.11.jar > commons-logging-1.3.5.jar
[21Sep2026 19:43:18.533] [main/INFO] [net.neoforged.fml.loading.FMLLoader/]:  - mods/authme-neoforge-9.1.0+1.21.11.jar > httpclient-4.5.14.jar
[21Sep2026 19:43:18.537] [main/INFO] [net.neoforged.fml.loading.FMLLoader/]:  - ~libraries/net/neoforged/neoforge/21.11.45/neoforge-21.11.45-universal.jar > net.neoforged.neoforge-coremods-21.11.45.jar
[21Sep2026 19:43:18.551] [main/DEBUG] [net.neoforged.fml.util.ServiceLoaderUtil/CORE]: Found 2 implementations of IModLanguageLoader:
[21Sep2026 19:43:18.551] [main/DEBUG] [net.neoforged.fml.util.ServiceLoaderUtil/CORE]: 	net.neoforged.fml.javafmlmod.FMLJavaModLanguageProvider from libraries/net/neoforged/fancymodloader/loader/10.0.36/loader-10.0.36.jar
[21Sep2026 19:43:18.551] [main/DEBUG] [net.neoforged.fml.util.ServiceLoaderUtil/CORE]: 	net.neoforged.fml.mclanguageprovider.MinecraftModLanguageProvider from libraries/net/neoforged/fancymodloader/loader/10.0.36/loader-10.0.36.jar
[21Sep2026 19:43:18.552] [main/DEBUG] [net.neoforged.fml.loading.LanguageProviderLoader/CORE]: Found language provider javafml, version 10.0
[21Sep2026 19:43:18.554] [main/DEBUG] [net.neoforged.fml.loading.LanguageProviderLoader/CORE]: Found language provider minecraft, version 10.0
[21Sep2026 19:43:18.559] [main/DEBUG] [net.neoforged.fml.loading.FMLLoader/]: Adding Access Transformer META-INF/accesstransformer.cfg in jar(mods/authme-neoforge-9.1.0+1.21.11.jar)
[21Sep2026 19:43:18.584] [main/DEBUG] [net.neoforged.fml.loading.FMLLoader/]: Adding Access Transformer META-INF/accesstransformer.cfg in jar(~libraries/net/neoforged/neoforge/21.11.45/neoforge-21.11.45-universal.jar)
[21Sep2026 19:43:18.634] [main/DEBUG] [net.neoforged.fml.loading.FMLLoader/]: Adding Access Transformer META-INF/accesstransformergenerated.cfg in jar(~libraries/net/neoforged/neoforge/21.11.45/neoforge-21.11.45-universal.jar)
[21Sep2026 19:43:18.664] [main/DEBUG] [net.neoforged.fml.util.ServiceLoaderUtil/CORE]: Found 4 implementations of ClassProcessor:
[21Sep2026 19:43:18.664] [main/DEBUG] [net.neoforged.fml.util.ServiceLoaderUtil/CORE]: 	[built-in] net.neoforged.fml.common.asm.AccessTransformerService from libraries/net/neoforged/fancymodloader/loader/10.0.36/loader-10.0.36.jar
[21Sep2026 19:43:18.665] [main/DEBUG] [net.neoforged.fml.util.ServiceLoaderUtil/CORE]: 	[built-in] net.neoforged.fml.common.asm.enumextension.RuntimeEnumExtender from libraries/net/neoforged/fancymodloader/loader/10.0.36/loader-10.0.36.jar
[21Sep2026 19:43:18.665] [main/DEBUG] [net.neoforged.fml.util.ServiceLoaderUtil/CORE]: 	[built-in] net.neoforged.fml.common.asm.SimpleProcessorsGroup from libraries/net/neoforged/fancymodloader/loader/10.0.36/loader-10.0.36.jar
[21Sep2026 19:43:18.665] [main/DEBUG] [net.neoforged.fml.util.ServiceLoaderUtil/CORE]: 	[built-in] net.neoforged.fml.loading.mixin.FMLMixinClassProcessor from libraries/net/neoforged/fancymodloader/loader/10.0.36/loader-10.0.36.jar
[21Sep2026 19:43:18.669] [main/DEBUG] [net.neoforged.fml.util.ServiceLoaderUtil/CORE]: Found 1 implementations of ClassProcessorProvider:
[21Sep2026 19:43:18.669] [main/DEBUG] [net.neoforged.fml.util.ServiceLoaderUtil/CORE]: 	net.neoforged.neoforge.coremods.NeoForgeCoreMod from ~libraries/net/neoforged/neoforge/21.11.45/neoforge-21.11.45-universal.jar > net.neoforged.neoforge-coremods-21.11.45.jar
[21Sep2026 19:43:18.747] [main/INFO] [net.neoforged.fml.loading.FMLLoader/]: Building game content classloader:
 - authme (jar(mods/authme-neoforge-9.1.0+1.21.11.jar))
 - minecraft (jar(~libraries/net/neoforged/minecraft-server-patched/21.11.45/minecraft-server-patched-21.11.45.jar))
 - mixinextras.neoforge (jar(~libraries/net/neoforged/neoforge/21.11.45/neoforge-21.11.45-universal.jar > mixinextras-neoforge-0.5.3.jar))
 - neoforge (jar(~libraries/net/neoforged/neoforge/21.11.45/neoforge-21.11.45-universal.jar))
 - net.neoforged.fml.generated (empty(VirtualJar/net.neoforged.fml.generated))
 - resourcefulconfig (jar(mods/authme-neoforge-9.1.0+1.21.11.jar > resourcefulconfig-neoforge-1.21.11-3.11.2.jar))
[21Sep2026 19:43:18.781] [main/INFO] [net.neoforged.fml.loading.FMLLoader/]: Built game content classloader in 49ms
[21Sep2026 19:43:18.867] [main/DEBUG] [mixin/]: Compatibility level JAVA_18 specified by authme.mixins.json is lower than the default level supported by the current mixin service (JAVA_21).
[21Sep2026 19:43:18.867] [main/DEBUG] [mixin/]: Compatibility level JAVA_18 specified by authme.mixins.json is higher than the maximum level supported by this version of mixin (JAVA_13).
[21Sep2026 19:43:18.871] [main/DEBUG] [mixin/]: Compatibility level JAVA_17 specified by resourcefulconfig.mixins.json is lower than the default level supported by the current mixin service (JAVA_21).
[21Sep2026 19:43:18.871] [main/DEBUG] [mixin/]: Compatibility level JAVA_17 specified by resourcefulconfig.mixins.json is higher than the maximum level supported by this version of mixin (JAVA_13).
[21Sep2026 19:43:18.879] [main/DEBUG] [mixin/]: Processing launch tasks for PlatformAgent[MixinPlatformAgentDefault:ContainerHandleVirtual(fml:18c85)]
[21Sep2026 19:43:18.879] [main/DEBUG] [mixin/]: Processing launch tasks for PlatformAgent[MixinPlatformAgentDefault:ContainerHandleVirtual(fml:18c85)]
[21Sep2026 19:43:18.879] [main/DEBUG] [mixin/]: Adding agents for Mixin Container jar(mods/authme-neoforge-9.1.0+1.21.11.jar) > jar(mods/authme-neoforge-9.1.0+1.21.11.jar > httpcore-4.4.16.jar)
[21Sep2026 19:43:18.879] [main/DEBUG] [mixin/]: Adding mixin platform agents for container jar(mods/authme-neoforge-9.1.0+1.21.11.jar) > jar(mods/authme-neoforge-9.1.0+1.21.11.jar > httpcore-4.4.16.jar)
[21Sep2026 19:43:18.879] [main/DEBUG] [mixin/]: Instancing new MixinPlatformAgentDefault for jar(mods/authme-neoforge-9.1.0+1.21.11.jar) > jar(mods/authme-neoforge-9.1.0+1.21.11.jar > httpcore-4.4.16.jar)
[21Sep2026 19:43:18.880] [main/DEBUG] [mixin/]: MixinPlatformAgentDefault accepted container jar(mods/authme-neoforge-9.1.0+1.21.11.jar) > jar(mods/authme-neoforge-9.1.0+1.21.11.jar > httpcore-4.4.16.jar)
[21Sep2026 19:43:18.880] [main/DEBUG] [mixin/]: Instancing new MixinPlatformAgentDefault for jar(mods/authme-neoforge-9.1.0+1.21.11.jar) > jar(mods/authme-neoforge-9.1.0+1.21.11.jar > httpcore-4.4.16.jar)
[21Sep2026 19:43:18.880] [main/DEBUG] [mixin/]: MixinPlatformAgentDefault accepted container jar(mods/authme-neoforge-9.1.0+1.21.11.jar) > jar(mods/authme-neoforge-9.1.0+1.21.11.jar > httpcore-4.4.16.jar)
[21Sep2026 19:43:18.880] [main/DEBUG] [mixin/]: Processing prepare() for PlatformAgent[MixinPlatformAgentDefault:jar(mods/authme-neoforge-9.1.0+1.21.11.jar) > jar(mods/authme-neoforge-9.1.0+1.21.11.jar > httpcore-4.4.16.jar)]
[21Sep2026 19:43:18.880] [main/DEBUG] [mixin/]: Processing prepare() for PlatformAgent[MixinPlatformAgentDefault:jar(mods/authme-neoforge-9.1.0+1.21.11.jar) > jar(mods/authme-neoforge-9.1.0+1.21.11.jar > httpcore-4.4.16.jar)]
[21Sep2026 19:43:18.880] [main/DEBUG] [mixin/]: Adding agents for Mixin Container jar(mods/authme-neoforge-9.1.0+1.21.11.jar) > jar(mods/authme-neoforge-9.1.0+1.21.11.jar > commons-logging-1.3.5.jar)
[21Sep2026 19:43:18.880] [main/DEBUG] [mixin/]: Adding mixin platform agents for container jar(mods/authme-neoforge-9.1.0+1.21.11.jar) > jar(mods/authme-neoforge-9.1.0+1.21.11.jar > commons-logging-1.3.5.jar)
[21Sep2026 19:43:18.880] [main/DEBUG] [mixin/]: Instancing new MixinPlatformAgentDefault for jar(mods/authme-neoforge-9.1.0+1.21.11.jar) > jar(mods/authme-neoforge-9.1.0+1.21.11.jar > commons-logging-1.3.5.jar)
[21Sep2026 19:43:18.881] [main/DEBUG] [mixin/]: MixinPlatformAgentDefault accepted container jar(mods/authme-neoforge-9.1.0+1.21.11.jar) > jar(mods/authme-neoforge-9.1.0+1.21.11.jar > commons-logging-1.3.5.jar)
[21Sep2026 19:43:18.882] [main/DEBUG] [mixin/]: Instancing new MixinPlatformAgentDefault for jar(mods/authme-neoforge-9.1.0+1.21.11.jar) > jar(mods/authme-neoforge-9.1.0+1.21.11.jar > commons-logging-1.3.5.jar)
[21Sep2026 19:43:18.882] [main/DEBUG] [mixin/]: MixinPlatformAgentDefault accepted container jar(mods/authme-neoforge-9.1.0+1.21.11.jar) > jar(mods/authme-neoforge-9.1.0+1.21.11.jar > commons-logging-1.3.5.jar)
[21Sep2026 19:43:18.883] [main/DEBUG] [mixin/]: Processing prepare() for PlatformAgent[MixinPlatformAgentDefault:jar(mods/authme-neoforge-9.1.0+1.21.11.jar) > jar(mods/authme-neoforge-9.1.0+1.21.11.jar > commons-logging-1.3.5.jar)]
[21Sep2026 19:43:18.884] [main/DEBUG] [mixin/]: Processing prepare() for PlatformAgent[MixinPlatformAgentDefault:jar(mods/authme-neoforge-9.1.0+1.21.11.jar) > jar(mods/authme-neoforge-9.1.0+1.21.11.jar > commons-logging-1.3.5.jar)]
[21Sep2026 19:43:18.884] [main/DEBUG] [mixin/]: Adding agents for Mixin Container jar(mods/authme-neoforge-9.1.0+1.21.11.jar) > jar(mods/authme-neoforge-9.1.0+1.21.11.jar > httpclient-4.5.14.jar)
[21Sep2026 19:43:18.884] [main/DEBUG] [mixin/]: Adding mixin platform agents for container jar(mods/authme-neoforge-9.1.0+1.21.11.jar) > jar(mods/authme-neoforge-9.1.0+1.21.11.jar > httpclient-4.5.14.jar)
[21Sep2026 19:43:18.885] [main/DEBUG] [mixin/]: Instancing new MixinPlatformAgentDefault for jar(mods/authme-neoforge-9.1.0+1.21.11.jar) > jar(mods/authme-neoforge-9.1.0+1.21.11.jar > httpclient-4.5.14.jar)
[21Sep2026 19:43:18.885] [main/DEBUG] [mixin/]: MixinPlatformAgentDefault accepted container jar(mods/authme-neoforge-9.1.0+1.21.11.jar) > jar(mods/authme-neoforge-9.1.0+1.21.11.jar > httpclient-4.5.14.jar)
[21Sep2026 19:43:18.885] [main/DEBUG] [mixin/]: Instancing new MixinPlatformAgentDefault for jar(mods/authme-neoforge-9.1.0+1.21.11.jar) > jar(mods/authme-neoforge-9.1.0+1.21.11.jar > httpclient-4.5.14.jar)
[21Sep2026 19:43:18.886] [main/DEBUG] [mixin/]: MixinPlatformAgentDefault accepted container jar(mods/authme-neoforge-9.1.0+1.21.11.jar) > jar(mods/authme-neoforge-9.1.0+1.21.11.jar > httpclient-4.5.14.jar)
[21Sep2026 19:43:18.886] [main/DEBUG] [mixin/]: Processing prepare() for PlatformAgent[MixinPlatformAgentDefault:jar(mods/authme-neoforge-9.1.0+1.21.11.jar) > jar(mods/authme-neoforge-9.1.0+1.21.11.jar > httpclient-4.5.14.jar)]
[21Sep2026 19:43:18.886] [main/DEBUG] [mixin/]: Processing prepare() for PlatformAgent[MixinPlatformAgentDefault:jar(mods/authme-neoforge-9.1.0+1.21.11.jar) > jar(mods/authme-neoforge-9.1.0+1.21.11.jar > httpclient-4.5.14.jar)]
[21Sep2026 19:43:18.886] [main/DEBUG] [mixin/]: Adding agents for Mixin Container jar(~libraries/net/neoforged/neoforge/21.11.45/neoforge-21.11.45-universal.jar) > jar(~libraries/net/neoforged/neoforge/21.11.45/neoforge-21.11.45-universal.jar > net.neoforged.neoforge-coremods-21.11.45.jar)
[21Sep2026 19:43:18.886] [main/DEBUG] [mixin/]: Adding mixin platform agents for container jar(~libraries/net/neoforged/neoforge/21.11.45/neoforge-21.11.45-universal.jar) > jar(~libraries/net/neoforged/neoforge/21.11.45/neoforge-21.11.45-universal.jar > net.neoforged.neoforge-coremods-21.11.45.jar)
[21Sep2026 19:43:18.886] [main/DEBUG] [mixin/]: Instancing new MixinPlatformAgentDefault for jar(~libraries/net/neoforged/neoforge/21.11.45/neoforge-21.11.45-universal.jar) > jar(~libraries/net/neoforged/neoforge/21.11.45/neoforge-21.11.45-universal.jar > net.neoforged.neoforge-coremods-21.11.45.jar)
[21Sep2026 19:43:18.886] [main/DEBUG] [mixin/]: MixinPlatformAgentDefault accepted container jar(~libraries/net/neoforged/neoforge/21.11.45/neoforge-21.11.45-universal.jar) > jar(~libraries/net/neoforged/neoforge/21.11.45/neoforge-21.11.45-universal.jar > net.neoforged.neoforge-coremods-21.11.45.jar)
[21Sep2026 19:43:18.886] [main/DEBUG] [mixin/]: Instancing new MixinPlatformAgentDefault for jar(~libraries/net/neoforged/neoforge/21.11.45/neoforge-21.11.45-universal.jar) > jar(~libraries/net/neoforged/neoforge/21.11.45/neoforge-21.11.45-universal.jar > net.neoforged.neoforge-coremods-21.11.45.jar)
[21Sep2026 19:43:18.886] [main/DEBUG] [mixin/]: MixinPlatformAgentDefault accepted container jar(~libraries/net/neoforged/neoforge/21.11.45/neoforge-21.11.45-universal.jar) > jar(~libraries/net/neoforged/neoforge/21.11.45/neoforge-21.11.45-universal.jar > net.neoforged.neoforge-coremods-21.11.45.jar)
[21Sep2026 19:43:18.886] [main/DEBUG] [mixin/]: Processing prepare() for PlatformAgent[MixinPlatformAgentDefault:jar(~libraries/net/neoforged/neoforge/21.11.45/neoforge-21.11.45-universal.jar) > jar(~libraries/net/neoforged/neoforge/21.11.45/neoforge-21.11.45-universal.jar > net.neoforged.neoforge-coremods-21.11.45.jar)]
[21Sep2026 19:43:18.886] [main/DEBUG] [mixin/]: Processing prepare() for PlatformAgent[MixinPlatformAgentDefault:jar(~libraries/net/neoforged/neoforge/21.11.45/neoforge-21.11.45-universal.jar) > jar(~libraries/net/neoforged/neoforge/21.11.45/neoforge-21.11.45-universal.jar > net.neoforged.neoforge-coremods-21.11.45.jar)]
[21Sep2026 19:43:18.888] [main/DEBUG] [mixin/]: Adding agents for Mixin Container jar(~libraries/net/neoforged/neoforge/21.11.45/neoforge-21.11.45-universal.jar) > jar(~libraries/net/neoforged/neoforge/21.11.45/neoforge-21.11.45-universal.jar > mixinextras-neoforge-0.5.3.jar)
[21Sep2026 19:43:18.888] [main/DEBUG] [mixin/]: Adding mixin platform agents for container jar(~libraries/net/neoforged/neoforge/21.11.45/neoforge-21.11.45-universal.jar) > jar(~libraries/net/neoforged/neoforge/21.11.45/neoforge-21.11.45-universal.jar > mixinextras-neoforge-0.5.3.jar)
[21Sep2026 19:43:18.889] [main/DEBUG] [mixin/]: Instancing new MixinPlatformAgentDefault for jar(~libraries/net/neoforged/neoforge/21.11.45/neoforge-21.11.45-universal.jar) > jar(~libraries/net/neoforged/neoforge/21.11.45/neoforge-21.11.45-universal.jar > mixinextras-neoforge-0.5.3.jar)
[21Sep2026 19:43:18.889] [main/DEBUG] [mixin/]: MixinPlatformAgentDefault accepted container jar(~libraries/net/neoforged/neoforge/21.11.45/neoforge-21.11.45-universal.jar) > jar(~libraries/net/neoforged/neoforge/21.11.45/neoforge-21.11.45-universal.jar > mixinextras-neoforge-0.5.3.jar)
[21Sep2026 19:43:18.889] [main/DEBUG] [mixin/]: Instancing new MixinPlatformAgentDefault for jar(~libraries/net/neoforged/neoforge/21.11.45/neoforge-21.11.45-universal.jar) > jar(~libraries/net/neoforged/neoforge/21.11.45/neoforge-21.11.45-universal.jar > mixinextras-neoforge-0.5.3.jar)
[21Sep2026 19:43:18.889] [main/DEBUG] [mixin/]: MixinPlatformAgentDefault accepted container jar(~libraries/net/neoforged/neoforge/21.11.45/neoforge-21.11.45-universal.jar) > jar(~libraries/net/neoforged/neoforge/21.11.45/neoforge-21.11.45-universal.jar > mixinextras-neoforge-0.5.3.jar)
[21Sep2026 19:43:18.889] [main/DEBUG] [mixin/]: Processing prepare() for PlatformAgent[MixinPlatformAgentDefault:jar(~libraries/net/neoforged/neoforge/21.11.45/neoforge-21.11.45-universal.jar) > jar(~libraries/net/neoforged/neoforge/21.11.45/neoforge-21.11.45-universal.jar > mixinextras-neoforge-0.5.3.jar)]
[21Sep2026 19:43:18.889] [main/DEBUG] [mixin/]: Registering mixin config: mixinextras.init.mixins.json source=jar(~libraries/net/neoforged/neoforge/21.11.45/neoforge-21.11.45-universal.jar) > jar(~libraries/net/neoforged/neoforge/21.11.45/neoforge-21.11.45-universal.jar > mixinextras-neoforge-0.5.3.jar)
[21Sep2026 19:43:18.893] [main/DEBUG] [mixin/]: Processing prepare() for PlatformAgent[MixinPlatformAgentDefault:jar(~libraries/net/neoforged/neoforge/21.11.45/neoforge-21.11.45-universal.jar) > jar(~libraries/net/neoforged/neoforge/21.11.45/neoforge-21.11.45-universal.jar > mixinextras-neoforge-0.5.3.jar)]
[21Sep2026 19:43:18.893] [main/DEBUG] [mixin/]: Registering mixin config: mixinextras.init.mixins.json source=jar(~libraries/net/neoforged/neoforge/21.11.45/neoforge-21.11.45-universal.jar) > jar(~libraries/net/neoforged/neoforge/21.11.45/neoforge-21.11.45-universal.jar > mixinextras-neoforge-0.5.3.jar)
[21Sep2026 19:43:18.893] [main/DEBUG] [mixin/]: inject() running with 6 agents
[21Sep2026 19:43:18.893] [main/DEBUG] [mixin/]: Processing inject() for PlatformAgent[MixinPlatformAgentDefault:ContainerHandleVirtual(fml:18c85)]
[21Sep2026 19:43:18.893] [main/DEBUG] [mixin/]: Processing inject() for PlatformAgent[MixinPlatformAgentDefault:ContainerHandleVirtual(fml:18c85)]
[21Sep2026 19:43:18.893] [main/DEBUG] [mixin/]: Processing inject() for PlatformAgent[MixinPlatformAgentDefault:jar(mods/authme-neoforge-9.1.0+1.21.11.jar) > jar(mods/authme-neoforge-9.1.0+1.21.11.jar > httpcore-4.4.16.jar)]
[21Sep2026 19:43:18.893] [main/DEBUG] [mixin/]: Processing inject() for PlatformAgent[MixinPlatformAgentDefault:jar(mods/authme-neoforge-9.1.0+1.21.11.jar) > jar(mods/authme-neoforge-9.1.0+1.21.11.jar > httpcore-4.4.16.jar)]
[21Sep2026 19:43:18.893] [main/DEBUG] [mixin/]: Processing inject() for PlatformAgent[MixinPlatformAgentDefault:jar(mods/authme-neoforge-9.1.0+1.21.11.jar) > jar(mods/authme-neoforge-9.1.0+1.21.11.jar > commons-logging-1.3.5.jar)]
[21Sep2026 19:43:18.893] [main/DEBUG] [mixin/]: Processing inject() for PlatformAgent[MixinPlatformAgentDefault:jar(mods/authme-neoforge-9.1.0+1.21.11.jar) > jar(mods/authme-neoforge-9.1.0+1.21.11.jar > commons-logging-1.3.5.jar)]
[21Sep2026 19:43:18.894] [main/DEBUG] [mixin/]: Processing inject() for PlatformAgent[MixinPlatformAgentDefault:jar(mods/authme-neoforge-9.1.0+1.21.11.jar) > jar(mods/authme-neoforge-9.1.0+1.21.11.jar > httpclient-4.5.14.jar)]
[21Sep2026 19:43:18.895] [main/DEBUG] [mixin/]: Processing inject() for PlatformAgent[MixinPlatformAgentDefault:jar(mods/authme-neoforge-9.1.0+1.21.11.jar) > jar(mods/authme-neoforge-9.1.0+1.21.11.jar > httpclient-4.5.14.jar)]
[21Sep2026 19:43:18.895] [main/DEBUG] [mixin/]: Processing inject() for PlatformAgent[MixinPlatformAgentDefault:jar(~libraries/net/neoforged/neoforge/21.11.45/neoforge-21.11.45-universal.jar) > jar(~libraries/net/neoforged/neoforge/21.11.45/neoforge-21.11.45-universal.jar > net.neoforged.neoforge-coremods-21.11.45.jar)]
[21Sep2026 19:43:18.895] [main/DEBUG] [mixin/]: Processing inject() for PlatformAgent[MixinPlatformAgentDefault:jar(~libraries/net/neoforged/neoforge/21.11.45/neoforge-21.11.45-universal.jar) > jar(~libraries/net/neoforged/neoforge/21.11.45/neoforge-21.11.45-universal.jar > net.neoforged.neoforge-coremods-21.11.45.jar)]
[21Sep2026 19:43:18.895] [main/DEBUG] [mixin/]: Processing inject() for PlatformAgent[MixinPlatformAgentDefault:jar(~libraries/net/neoforged/neoforge/21.11.45/neoforge-21.11.45-universal.jar) > jar(~libraries/net/neoforged/neoforge/21.11.45/neoforge-21.11.45-universal.jar > mixinextras-neoforge-0.5.3.jar)]
[21Sep2026 19:43:18.895] [main/DEBUG] [mixin/]: Processing inject() for PlatformAgent[MixinPlatformAgentDefault:jar(~libraries/net/neoforged/neoforge/21.11.45/neoforge-21.11.45-universal.jar) > jar(~libraries/net/neoforged/neoforge/21.11.45/neoforge-21.11.45-universal.jar > mixinextras-neoforge-0.5.3.jar)]
[21Sep2026 19:43:18.900] [main/DEBUG] [mixin/]: Preparing mixins for MixinEnvironment[DEFAULT]
[21Sep2026 19:43:18.900] [main/DEBUG] [mixin/]: Selecting config authme.mixins.json
[21Sep2026 19:43:18.903] [main/DEBUG] [mixin/]: Selecting config authme.neoforge.mixins.json
[21Sep2026 19:43:18.904] [main/DEBUG] [mixin/]: Selecting config resourcefulconfig.mixins.json
[21Sep2026 19:43:18.904] [main/DEBUG] [mixin/]: Selecting config neoforge.mixins.json
[21Sep2026 19:43:18.904] [main/DEBUG] [mixin/]: Selecting config mixinextras.init.mixins.json
[21Sep2026 19:43:19.004] [main/DEBUG] [MixinExtras|Service/]: com.llamalad7.mixinextras.service.MixinExtrasServiceImpl(version=0.5.3) is taking over from null
[21Sep2026 19:43:19.043] [main/DEBUG] [mixin/]: Registering new injector for @Inject with org.spongepowered.asm.mixin.injection.struct.CallbackInjectionInfo
[21Sep2026 19:43:19.045] [main/DEBUG] [mixin/]: Registering new injector for @ModifyArg with org.spongepowered.asm.mixin.injection.struct.ModifyArgInjectionInfo
[21Sep2026 19:43:19.046] [main/DEBUG] [mixin/]: Registering new injector for @ModifyArgs with org.spongepowered.asm.mixin.injection.struct.ModifyArgsInjectionInfo
[21Sep2026 19:43:19.047] [main/DEBUG] [mixin/]: Registering new injector for @Redirect with org.spongepowered.asm.mixin.injection.struct.RedirectInjectionInfo
[21Sep2026 19:43:19.048] [main/DEBUG] [mixin/]: Registering new injector for @ModifyVariable with org.spongepowered.asm.mixin.injection.struct.ModifyVariableInjectionInfo
[21Sep2026 19:43:19.049] [main/DEBUG] [mixin/]: Registering new injector for @ModifyConstant with org.spongepowered.asm.mixin.injection.struct.ModifyConstantInjectionInfo
[21Sep2026 19:43:19.067] [main/DEBUG] [mixin/]: Preparing authme.mixins.json (8)
[21Sep2026 19:43:19.068] [main/DEBUG] [mixin/]: Preparing authme.neoforge.mixins.json (0)
[21Sep2026 19:43:19.068] [main/DEBUG] [mixin/]: Preparing resourcefulconfig.mixins.json (3)
[21Sep2026 19:43:19.148] [main/DEBUG] [mixin/]: Preparing neoforge.mixins.json (2)
[21Sep2026 19:43:19.224] [main/DEBUG] [mixin/]: Preparing mixinextras.init.mixins.json (0)
[21Sep2026 19:43:19.235] [main/DEBUG] [mixin/]: Prepared 3 mixins in 0.332 sec (110.7ms avg) (0ms load, 0ms transform, 0ms plugin)
[21Sep2026 19:43:19.268] [main/DEBUG] [io.netty.util.internal.logging.InternalLoggerFactory/]: Using SLF4J as the default logging framework
[21Sep2026 19:43:19.274] [main/DEBUG] [io.netty.util.ResourceLeakDetector/]: -Dio.netty.leakDetection.level: simple
[21Sep2026 19:43:19.274] [main/DEBUG] [io.netty.util.ResourceLeakDetector/]: -Dio.netty.leakDetection.targetRecords: 4
[21Sep2026 19:43:19.820] [main/WARN] [oshi.software.os.linux.LinuxOperatingSystem/]: Did not find udev library in operating system. Some features may not work.
[21Sep2026 19:43:19.855] [main/DEBUG] [oshi.util.FileUtil/]: Reading file /proc/self/auxv
[21Sep2026 19:43:19.856] [main/DEBUG] [oshi.util.FileUtil/]: Reading file /proc/self/auxv
[21Sep2026 19:43:19.862] [main/DEBUG] [oshi.util.FileUtil/]: Reading file /proc/stat
[21Sep2026 19:43:19.866] [main/DEBUG] [oshi.util.FileUtil/]: Reading file /sys/devices/system/cpu/cpu1/uevent
[21Sep2026 19:43:19.866] [main/DEBUG] [oshi.util.FileUtil/]: Reading file /sys/devices/system/cpu/cpu1/uevent
[21Sep2026 19:43:19.867] [main/DEBUG] [oshi.util.FileUtil/]: Reading file /sys/devices/system/cpu/cpu1/topology/core_id
[21Sep2026 19:43:19.867] [main/DEBUG] [oshi.util.FileUtil/]: Reading file /sys/devices/system/cpu/cpu1/topology/core_id
[21Sep2026 19:43:19.867] [main/DEBUG] [oshi.util.FileUtil/]: Reading file /sys/devices/system/cpu/cpu1/topology/physical_package_id
[21Sep2026 19:43:19.867] [main/DEBUG] [oshi.util.FileUtil/]: Reading file /sys/devices/system/cpu/cpu1/topology/physical_package_id
[21Sep2026 19:43:19.867] [main/DEBUG] [oshi.util.FileUtil/]: Reading file /sys/devices/system/cpu/cpu1/cpu_capacity
[21Sep2026 19:43:19.870] [main/DEBUG] [oshi.util.FileUtil/]: Reading file /sys/devices/system/cpu/cpu1/cache/index2/level
[21Sep2026 19:43:19.870] [main/DEBUG] [oshi.util.FileUtil/]: Reading file /sys/devices/system/cpu/cpu1/cache/index2/level
[21Sep2026 19:43:19.871] [main/DEBUG] [oshi.util.FileUtil/]: Reading file /sys/devices/system/cpu/cpu1/cache/index2/type
[21Sep2026 19:43:19.871] [main/DEBUG] [oshi.util.FileUtil/]: Reading file /sys/devices/system/cpu/cpu1/cache/index2/type
[21Sep2026 19:43:19.871] [main/DEBUG] [oshi.util.FileUtil/]: Reading file /sys/devices/system/cpu/cpu1/cache/index2/ways_of_associativity
[21Sep2026 19:43:19.872] [main/DEBUG] [oshi.util.FileUtil/]: Reading file /sys/devices/system/cpu/cpu1/cache/index2/ways_of_associativity
[21Sep2026 19:43:19.872] [main/DEBUG] [oshi.util.FileUtil/]: Reading file /sys/devices/system/cpu/cpu1/cache/index2/coherency_line_size
[21Sep2026 19:43:19.872] [main/DEBUG] [oshi.util.FileUtil/]: Reading file /sys/devices/system/cpu/cpu1/cache/index2/coherency_line_size
[21Sep2026 19:43:19.872] [main/DEBUG] [oshi.util.FileUtil/]: Reading file /sys/devices/system/cpu/cpu1/cache/index2/size
[21Sep2026 19:43:19.872] [main/DEBUG] [oshi.util.FileUtil/]: Reading file /sys/devices/system/cpu/cpu1/cache/index2/size
[21Sep2026 19:43:19.873] [main/DEBUG] [oshi.util.FileUtil/]: Reading file /sys/devices/system/cpu/cpu1/cache/index0/level
[21Sep2026 19:43:19.873] [main/DEBUG] [oshi.util.FileUtil/]: Reading file /sys/devices/system/cpu/cpu1/cache/index0/level
[21Sep2026 19:43:19.874] [main/DEBUG] [oshi.util.FileUtil/]: Reading file /sys/devices/system/cpu/cpu1/cache/index0/type
[21Sep2026 19:43:19.875] [main/DEBUG] [oshi.util.FileUtil/]: Reading file /sys/devices/system/cpu/cpu1/cache/index0/type
[21Sep2026 19:43:19.875] [main/DEBUG] [oshi.util.FileUtil/]: Reading file /sys/devices/system/cpu/cpu1/cache/index0/ways_of_associativity
[21Sep2026 19:43:19.875] [main/DEBUG] [oshi.util.FileUtil/]: Reading file /sys/devices/system/cpu/cpu1/cache/index0/ways_of_associativity
[21Sep2026 19:43:19.875] [main/DEBUG] [oshi.util.FileUtil/]: Reading file /sys/devices/system/cpu/cpu1/cache/index0/coherency_line_size
[21Sep2026 19:43:19.875] [main/DEBUG] [oshi.util.FileUtil/]: Reading file /sys/devices/system/cpu/cpu1/cache/index0/coherency_line_size
[21Sep2026 19:43:19.875] [main/DEBUG] [oshi.util.FileUtil/]: Reading file /sys/devices/system/cpu/cpu1/cache/index0/size
[21Sep2026 19:43:19.875] [main/DEBUG] [oshi.util.FileUtil/]: Reading file /sys/devices/system/cpu/cpu1/cache/index0/size
[21Sep2026 19:43:19.877] [main/DEBUG] [oshi.util.FileUtil/]: Reading file /sys/devices/system/cpu/cpu1/cache/index3/level
[21Sep2026 19:43:19.877] [main/DEBUG] [oshi.util.FileUtil/]: Reading file /sys/devices/system/cpu/cpu1/cache/index3/level
[21Sep2026 19:43:19.878] [main/DEBUG] [oshi.util.FileUtil/]: Reading file /sys/devices/system/cpu/cpu1/cache/index3/type
[21Sep2026 19:43:19.878] [main/DEBUG] [oshi.util.FileUtil/]: Reading file /sys/devices/system/cpu/cpu1/cache/index3/type
[21Sep2026 19:43:19.878] [main/DEBUG] [oshi.util.FileUtil/]: Reading file /sys/devices/system/cpu/cpu1/cache/index3/ways_of_associativity
[21Sep2026 19:43:19.878] [main/DEBUG] [oshi.util.FileUtil/]: Reading file /sys/devices/system/cpu/cpu1/cache/index3/ways_of_associativity
[21Sep2026 19:43:19.878] [main/DEBUG] [oshi.util.FileUtil/]: Reading file /sys/devices/system/cpu/cpu1/cache/index3/coherency_line_size
[21Sep2026 19:43:19.878] [main/DEBUG] [oshi.util.FileUtil/]: Reading file /sys/devices/system/cpu/cpu1/cache/index3/coherency_line_size
[21Sep2026 19:43:19.878] [main/DEBUG] [oshi.util.FileUtil/]: Reading file /sys/devices/system/cpu/cpu1/cache/index3/size
[21Sep2026 19:43:19.878] [main/DEBUG] [oshi.util.FileUtil/]: Reading file /sys/devices/system/cpu/cpu1/cache/index3/size
[21Sep2026 19:43:19.879] [main/DEBUG] [oshi.util.FileUtil/]: Reading file /sys/devices/system/cpu/cpu1/cache/index1/level
[21Sep2026 19:43:19.879] [main/DEBUG] [oshi.util.FileUtil/]: Reading file /sys/devices/system/cpu/cpu1/cache/index1/level
[21Sep2026 19:43:19.879] [main/DEBUG] [oshi.util.FileUtil/]: Reading file /sys/devices/system/cpu/cpu1/cache/index1/type
[21Sep2026 19:43:19.879] [main/DEBUG] [oshi.util.FileUtil/]: Reading file /sys/devices/system/cpu/cpu1/cache/index1/type
[21Sep2026 19:43:19.879] [main/DEBUG] [oshi.util.FileUtil/]: Reading file /sys/devices/system/cpu/cpu1/cache/index1/ways_of_associativity
[21Sep2026 19:43:19.879] [main/DEBUG] [oshi.util.FileUtil/]: Reading file /sys/devices/system/cpu/cpu1/cache/index1/ways_of_associativity
[21Sep2026 19:43:19.879] [main/DEBUG] [oshi.util.FileUtil/]: Reading file /sys/devices/system/cpu/cpu1/cache/index1/coherency_line_size
[21Sep2026 19:43:19.879] [main/DEBUG] [oshi.util.FileUtil/]: Reading file /sys/devices/system/cpu/cpu1/cache/index1/coherency_line_size
[21Sep2026 19:43:19.879] [main/DEBUG] [oshi.util.FileUtil/]: Reading file /sys/devices/system/cpu/cpu1/cache/index1/size
[21Sep2026 19:43:19.879] [main/DEBUG] [oshi.util.FileUtil/]: Reading file /sys/devices/system/cpu/cpu1/cache/index1/size
[21Sep2026 19:43:19.887] [main/DEBUG] [oshi.util.FileUtil/]: Reading file /sys/devices/system/cpu/cpu0/uevent
[21Sep2026 19:43:19.887] [main/DEBUG] [oshi.util.FileUtil/]: Reading file /sys/devices/system/cpu/cpu0/uevent
[21Sep2026 19:43:19.887] [main/DEBUG] [oshi.util.FileUtil/]: Reading file /sys/devices/system/cpu/cpu0/topology/core_id
[21Sep2026 19:43:19.887] [main/DEBUG] [oshi.util.FileUtil/]: Reading file /sys/devices/system/cpu/cpu0/topology/core_id
[21Sep2026 19:43:19.887] [main/DEBUG] [oshi.util.FileUtil/]: Reading file /sys/devices/system/cpu/cpu0/topology/physical_package_id
[21Sep2026 19:43:19.888] [main/DEBUG] [oshi.util.FileUtil/]: Reading file /sys/devices/system/cpu/cpu0/topology/physical_package_id
[21Sep2026 19:43:19.888] [main/DEBUG] [oshi.util.FileUtil/]: Reading file /sys/devices/system/cpu/cpu0/cpu_capacity
[21Sep2026 19:43:19.888] [main/DEBUG] [oshi.util.FileUtil/]: Reading file /sys/devices/system/cpu/cpu0/cache/index2/level
[21Sep2026 19:43:19.888] [main/DEBUG] [oshi.util.FileUtil/]: Reading file /sys/devices/system/cpu/cpu0/cache/index2/level
[21Sep2026 19:43:19.888] [main/DEBUG] [oshi.util.FileUtil/]: Reading file /sys/devices/system/cpu/cpu0/cache/index2/type
[21Sep2026 19:43:19.888] [main/DEBUG] [oshi.util.FileUtil/]: Reading file /sys/devices/system/cpu/cpu0/cache/index2/type
[21Sep2026 19:43:19.888] [main/DEBUG] [oshi.util.FileUtil/]: Reading file /sys/devices/system/cpu/cpu0/cache/index2/ways_of_associativity
[21Sep2026 19:43:19.888] [main/DEBUG] [oshi.util.FileUtil/]: Reading file /sys/devices/system/cpu/cpu0/cache/index2/ways_of_associativity
[21Sep2026 19:43:19.888] [main/DEBUG] [oshi.util.FileUtil/]: Reading file /sys/devices/system/cpu/cpu0/cache/index2/coherency_line_size
[21Sep2026 19:43:19.889] [main/DEBUG] [oshi.util.FileUtil/]: Reading file /sys/devices/system/cpu/cpu0/cache/index2/coherency_line_size
[21Sep2026 19:43:19.891] [main/DEBUG] [oshi.util.FileUtil/]: Reading file /sys/devices/system/cpu/cpu0/cache/index2/size
[21Sep2026 19:43:19.891] [main/DEBUG] [oshi.util.FileUtil/]: Reading file /sys/devices/system/cpu/cpu0/cache/index2/size
[21Sep2026 19:43:19.891] [main/DEBUG] [oshi.util.FileUtil/]: Reading file /sys/devices/system/cpu/cpu0/cache/index0/level
[21Sep2026 19:43:19.891] [main/DEBUG] [oshi.util.FileUtil/]: Reading file /sys/devices/system/cpu/cpu0/cache/index0/level
[21Sep2026 19:43:19.891] [main/DEBUG] [oshi.util.FileUtil/]: Reading file /sys/devices/system/cpu/cpu0/cache/index0/type
[21Sep2026 19:43:19.891] [main/DEBUG] [oshi.util.FileUtil/]: Reading file /sys/devices/system/cpu/cpu0/cache/index0/type
[21Sep2026 19:43:19.892] [main/DEBUG] [oshi.util.FileUtil/]: Reading file /sys/devices/system/cpu/cpu0/cache/index0/ways_of_associativity
[21Sep2026 19:43:19.892] [main/DEBUG] [oshi.util.FileUtil/]: Reading file /sys/devices/system/cpu/cpu0/cache/index0/ways_of_associativity
[21Sep2026 19:43:19.892] [main/DEBUG] [oshi.util.FileUtil/]: Reading file /sys/devices/system/cpu/cpu0/cache/index0/coherency_line_size
[21Sep2026 19:43:19.892] [main/DEBUG] [oshi.util.FileUtil/]: Reading file /sys/devices/system/cpu/cpu0/cache/index0/coherency_line_size
[21Sep2026 19:43:19.892] [main/DEBUG] [oshi.util.FileUtil/]: Reading file /sys/devices/system/cpu/cpu0/cache/index0/size
[21Sep2026 19:43:19.892] [main/DEBUG] [oshi.util.FileUtil/]: Reading file /sys/devices/system/cpu/cpu0/cache/index0/size
[21Sep2026 19:43:19.892] [main/DEBUG] [oshi.util.FileUtil/]: Reading file /sys/devices/system/cpu/cpu0/cache/index3/level
[21Sep2026 19:43:19.892] [main/DEBUG] [oshi.util.FileUtil/]: Reading file /sys/devices/system/cpu/cpu0/cache/index3/level
[21Sep2026 19:43:19.892] [main/DEBUG] [oshi.util.FileUtil/]: Reading file /sys/devices/system/cpu/cpu0/cache/index3/type
[21Sep2026 19:43:19.892] [main/DEBUG] [oshi.util.FileUtil/]: Reading file /sys/devices/system/cpu/cpu0/cache/index3/type
[21Sep2026 19:43:19.892] [main/DEBUG] [oshi.util.FileUtil/]: Reading file /sys/devices/system/cpu/cpu0/cache/index3/ways_of_associativity
[21Sep2026 19:43:19.892] [main/DEBUG] [oshi.util.FileUtil/]: Reading file /sys/devices/system/cpu/cpu0/cache/index3/ways_of_associativity
[21Sep2026 19:43:19.894] [main/DEBUG] [oshi.util.FileUtil/]: Reading file /sys/devices/system/cpu/cpu0/cache/index3/coherency_line_size
[21Sep2026 19:43:19.894] [main/DEBUG] [oshi.util.FileUtil/]: Reading file /sys/devices/system/cpu/cpu0/cache/index3/coherency_line_size
[21Sep2026 19:43:19.894] [main/DEBUG] [oshi.util.FileUtil/]: Reading file /sys/devices/system/cpu/cpu0/cache/index3/size
[21Sep2026 19:43:19.894] [main/DEBUG] [oshi.util.FileUtil/]: Reading file /sys/devices/system/cpu/cpu0/cache/index3/size
[21Sep2026 19:43:19.895] [main/DEBUG] [oshi.util.FileUtil/]: Reading file /sys/devices/system/cpu/cpu0/cache/index1/level
[21Sep2026 19:43:19.895] [main/DEBUG] [oshi.util.FileUtil/]: Reading file /sys/devices/system/cpu/cpu0/cache/index1/level
[21Sep2026 19:43:19.895] [main/DEBUG] [oshi.util.FileUtil/]: Reading file /sys/devices/system/cpu/cpu0/cache/index1/type
[21Sep2026 19:43:19.895] [main/DEBUG] [oshi.util.FileUtil/]: Reading file /sys/devices/system/cpu/cpu0/cache/index1/type
[21Sep2026 19:43:19.895] [main/DEBUG] [oshi.util.FileUtil/]: Reading file /sys/devices/system/cpu/cpu0/cache/index1/ways_of_associativity
[21Sep2026 19:43:19.895] [main/DEBUG] [oshi.util.FileUtil/]: Reading file /sys/devices/system/cpu/cpu0/cache/index1/ways_of_associativity
[21Sep2026 19:43:19.896] [main/DEBUG] [oshi.util.FileUtil/]: Reading file /sys/devices/system/cpu/cpu0/cache/index1/coherency_line_size
[21Sep2026 19:43:19.896] [main/DEBUG] [oshi.util.FileUtil/]: Reading file /sys/devices/system/cpu/cpu0/cache/index1/coherency_line_size
[21Sep2026 19:43:19.896] [main/DEBUG] [oshi.util.FileUtil/]: Reading file /sys/devices/system/cpu/cpu0/cache/index1/size
[21Sep2026 19:43:19.896] [main/DEBUG] [oshi.util.FileUtil/]: Reading file /sys/devices/system/cpu/cpu0/cache/index1/size
[21Sep2026 19:43:19.903] [main/DEBUG] [oshi.util.FileUtil/]: Reading file /proc/cpuinfo
[21Sep2026 19:43:19.904] [main/DEBUG] [oshi.util.FileUtil/]: Reading file /proc/cpuinfo
[21Sep2026 19:43:19.915] [main/DEBUG] [oshi.util.FileUtil/]: Reading file /proc/self/auxv
[21Sep2026 19:43:19.928] [main/DEBUG] [oshi.util.FileUtil/]: Reading file /proc/meminfo
[21Sep2026 19:43:19.929] [main/DEBUG] [oshi.util.FileUtil/]: Reading file /proc/meminfo
[21Sep2026 19:43:19.997] [main/INFO] [MixinExtras|Service/]: Initializing MixinExtras via com.llamalad7.mixinextras.service.MixinExtrasServiceImpl(version=0.5.3).
[21Sep2026 19:43:20.001] [main/DEBUG] [mixin/]: Registering new injector for @SugarWrapper with com.llamalad7.mixinextras.sugar.impl.SugarWrapperInjectionInfo
[21Sep2026 19:43:20.006] [main/DEBUG] [mixin/]: Registering new injector for @FactoryRedirectWrapper with com.llamalad7.mixinextras.wrapper.factory.FactoryRedirectWrapperInjectionInfo
[21Sep2026 19:43:20.007] [main/DEBUG] [mixin/]: Registering new injector for @ExpressionInjectorWrapper with com.llamalad7.mixinextras.expression.impl.wrapper.ExpressionInjectorWrapperInjectionInfo
[21Sep2026 19:43:20.021] [main/DEBUG] [mixin/]: Mixing MappedRegistryAccessor from neoforge.mixins.json into net.minecraft.core.MappedRegistry
[21Sep2026 19:43:21.556] [main/DEBUG] [mixin/]: Mixing BlockEntityTypeAccessor from neoforge.mixins.json into net.minecraft.world.level.block.entity.BlockEntityType
[21Sep2026 19:43:28.253] [main/DEBUG] [net.neoforged.fml.ModWorkManager/LOADING]: Using 2 threads for parallel mod-loading
[21Sep2026 19:43:28.267] [main/DEBUG] [net.neoforged.fml.javafmlmod.FMLModContainer/LOADING]: Creating FMLModContainer instance for authme with entrypoints [me.axieum.mcmod.authme.impl.neoforge.AuthMeNeoForge]
[21Sep2026 19:43:28.273] [main/DEBUG] [net.neoforged.fml.javafmlmod.FMLModContainer/LOADING]: Creating FMLModContainer instance for resourcefulconfig with entrypoints [com.teamresourceful.resourcefulconfig.neoforge.ResourcefulConfigNeoForge]
[21Sep2026 19:43:28.275] [main/DEBUG] [net.neoforged.fml.javafmlmod.FMLModContainer/LOADING]: Creating FMLModContainer instance for neoforge with entrypoints [net.neoforged.neoforge.common.NeoForgeMod, net.neoforged.neoforge.common.OnlyInWarningsHandler]
[21Sep2026 19:43:28.331] [modloading-worker-0/INFO] [net.neoforged.neoforge.common.NeoForgeMod/NEOFORGE-MOD]: NeoForge mod loading, version 21.11.45, for MC 1.21.11
[21Sep2026 19:43:28.391] [modloading-worker-0/DEBUG] [net.neoforged.fml.javafmlmod.AutomaticEventSubscriber/LOADING]: Attempting to inject @EventBusSubscriber classes into the eventbus for authme
[21Sep2026 19:43:28.403] [modloading-worker-0/DEBUG] [net.neoforged.fml.config.ConfigTracker/CONFIG]: Config file neoforge-server.toml for neoforge tracking
[21Sep2026 19:43:28.411] [modloading-worker-0/DEBUG] [net.neoforged.fml.config.ConfigTracker/CONFIG]: Config file neoforge-common.toml for neoforge tracking
[21Sep2026 19:43:28.424] [modloading-worker-0/DEBUG] [mixin/]: Mixing common.DedicatedServerAccessor from resourcefulconfig.mixins.json into net.minecraft.server.dedicated.DedicatedServer
[21Sep2026 19:43:28.436] [modloading-worker-0/DEBUG] [mixin/]: resourcefulconfig.mixins.json:common.DedicatedServerAccessor from mod resourcefulconfig: Class version 65 required is higher than the class version supported by the current version of Mixin (JAVA_17 supports class version 61)
[21Sep2026 19:43:28.491] [modloading-worker-0/DEBUG] [net.neoforged.fml.javafmlmod.AutomaticEventSubscriber/LOADING]: Attempting to inject @EventBusSubscriber classes into the eventbus for resourcefulconfig
[21Sep2026 19:43:28.518] [modloading-worker-0/DEBUG] [net.neoforged.fml.javafmlmod.AutomaticEventSubscriber/LOADING]: Attempting to inject @EventBusSubscriber classes into the eventbus for neoforge
[21Sep2026 19:43:28.519] [modloading-worker-0/DEBUG] [net.neoforged.fml.javafmlmod.AutomaticEventSubscriber/LOADING]: Scanning class net.neoforged.neoforge.attachment.AttachmentInternals for @SubscribeEvent-annotated methods
[21Sep2026 19:43:28.522] [modloading-worker-0/DEBUG] [net.neoforged.fml.javafmlmod.AutomaticEventSubscriber/LOADING]: Subscribing method public static void net.neoforged.neoforge.attachment.AttachmentInternals.onLivingConvert(net.neoforged.neoforge.event.entity.living.LivingConversionEvent$Post) to the game event bus
[21Sep2026 19:43:28.524] [modloading-worker-0/DEBUG] [net.neoforged.fml.javafmlmod.AutomaticEventSubscriber/LOADING]: Subscribing method public static void net.neoforged.neoforge.attachment.AttachmentInternals.onPlayerClone(net.neoforged.neoforge.event.entity.player.PlayerEvent$Clone) to the game event bus
[21Sep2026 19:43:28.524] [modloading-worker-0/DEBUG] [net.neoforged.fml.javafmlmod.AutomaticEventSubscriber/LOADING]: Scanning class net.neoforged.neoforge.attachment.AttachmentSync for @SubscribeEvent-annotated methods
[21Sep2026 19:43:28.528] [modloading-worker-0/DEBUG] [net.neoforged.fml.javafmlmod.AutomaticEventSubscriber/LOADING]: Subscribing method public static void net.neoforged.neoforge.attachment.AttachmentSync.onChunkSent(net.neoforged.neoforge.event.level.ChunkWatchEvent$Sent) to the game event bus
[21Sep2026 19:43:28.529] [modloading-worker-0/DEBUG] [net.neoforged.fml.javafmlmod.AutomaticEventSubscriber/LOADING]: Scanning class net.neoforged.neoforge.common.MonsterRoomHooks for @SubscribeEvent-annotated methods
[21Sep2026 19:43:28.530] [modloading-worker-0/DEBUG] [net.neoforged.fml.javafmlmod.AutomaticEventSubscriber/LOADING]: Subscribing method public static void net.neoforged.neoforge.common.MonsterRoomHooks.onDataMapsUpdated(net.neoforged.neoforge.registries.datamaps.DataMapsUpdatedEvent) to the game event bus
[21Sep2026 19:43:28.530] [modloading-worker-0/DEBUG] [net.neoforged.fml.javafmlmod.AutomaticEventSubscriber/LOADING]: Scanning class net.neoforged.neoforge.network.ConfigurationInitialization for @SubscribeEvent-annotated methods
[21Sep2026 19:43:28.534] [modloading-worker-0/DEBUG] [net.neoforged.fml.javafmlmod.AutomaticEventSubscriber/LOADING]: Subscribing method private static void net.neoforged.neoforge.network.ConfigurationInitialization.configureModdedClient(net.neoforged.neoforge.network.event.RegisterConfigurationTasksEvent) to the event bus of mod neoforge
[21Sep2026 19:43:28.535] [modloading-worker-0/DEBUG] [net.neoforged.fml.javafmlmod.AutomaticEventSubscriber/LOADING]: Scanning class net.neoforged.neoforge.network.NetworkInitialization for @SubscribeEvent-annotated methods
[21Sep2026 19:43:28.536] [modloading-worker-0/DEBUG] [net.neoforged.fml.javafmlmod.AutomaticEventSubscriber/LOADING]: Subscribing method private static void net.neoforged.neoforge.network.NetworkInitialization.register(net.neoforged.neoforge.network.event.RegisterPayloadHandlersEvent) to the event bus of mod neoforge
[21Sep2026 19:43:28.537] [modloading-worker-0/DEBUG] [net.neoforged.fml.javafmlmod.AutomaticEventSubscriber/LOADING]: Scanning class net.neoforged.neoforge.network.filters.GenericPacketSplitter for @SubscribeEvent-annotated methods
[21Sep2026 19:43:28.564] [modloading-worker-0/DEBUG] [io.netty.util.internal.PlatformDependent0/]: Java version: 21
[21Sep2026 19:43:28.564] [modloading-worker-0/DEBUG] [io.netty.util.internal.PlatformDependent0/]: -Dio.netty.noUnsafe: false
[21Sep2026 19:43:28.565] [modloading-worker-0/DEBUG] [io.netty.util.internal.PlatformDependent0/]: sun.misc.Unsafe.theUnsafe: available
[21Sep2026 19:43:28.566] [modloading-worker-0/DEBUG] [io.netty.util.internal.PlatformDependent0/]: sun.misc.Unsafe base methods: all available
[21Sep2026 19:43:28.566] [modloading-worker-0/DEBUG] [io.netty.util.internal.PlatformDependent0/]: java.nio.Buffer.address: available
[21Sep2026 19:43:28.567] [modloading-worker-0/DEBUG] [io.netty.util.internal.PlatformDependent0/]: java.nio.Bits.unaligned: available, true
[21Sep2026 19:43:28.569] [modloading-worker-0/DEBUG] [io.netty.util.internal.PlatformDependent0/]: java.nio.DirectByteBuffer.<init>(long, {int,long}): unavailable
[21Sep2026 19:43:28.569] [modloading-worker-0/DEBUG] [io.netty.util.internal.PlatformDependent/]: sun.misc.Unsafe: available
[21Sep2026 19:43:28.569] [modloading-worker-0/DEBUG] [io.netty.util.internal.PlatformDependent/]: -Dio.netty.tmpdir: /tmp (java.io.tmpdir)
[21Sep2026 19:43:28.569] [modloading-worker-0/DEBUG] [io.netty.util.internal.PlatformDependent/]: -Dio.netty.bitMode: 64 (sun.arch.data.model)
[21Sep2026 19:43:28.570] [modloading-worker-0/DEBUG] [io.netty.util.internal.PlatformDependent/]: -Dio.netty.maxDirectMemory: -1 bytes
[21Sep2026 19:43:28.571] [modloading-worker-0/DEBUG] [io.netty.util.internal.CleanerJava9/]: java.nio.ByteBuffer.cleaner(): available
[21Sep2026 19:43:28.571] [modloading-worker-0/DEBUG] [io.netty.util.internal.PlatformDependent/]: -Dio.netty.noPreferDirect: false
[21Sep2026 19:43:28.576] [modloading-worker-0/DEBUG] [io.netty.util.internal.PlatformDependent/]: -Dio.netty.jfr.enabled: true
[21Sep2026 19:43:28.584] [modloading-worker-0/DEBUG] [io.netty.buffer.AbstractByteBuf/]: -Dio.netty.buffer.checkAccessible: true
[21Sep2026 19:43:28.584] [modloading-worker-0/DEBUG] [io.netty.buffer.AbstractByteBuf/]: -Dio.netty.buffer.checkBounds: true
[21Sep2026 19:43:28.585] [modloading-worker-0/DEBUG] [io.netty.util.ResourceLeakDetectorFactory/]: Loaded default ResourceLeakDetector: io.netty.util.ResourceLeakDetector@5a314f7f
[21Sep2026 19:43:28.595] [modloading-worker-0/DEBUG] [io.netty.util.internal.InternalThreadLocalMap/]: -Dio.netty.threadLocalMap.stringBuilder.initialSize: 1024
[21Sep2026 19:43:28.595] [modloading-worker-0/DEBUG] [io.netty.util.internal.InternalThreadLocalMap/]: -Dio.netty.threadLocalMap.stringBuilder.maxSize: 4096
[21Sep2026 19:43:28.597] [modloading-worker-0/DEBUG] [io.netty.buffer.AdaptiveByteBufAllocator/]: -Dio.netty.allocator.useCachedMagazinesForNonEventLoopThreads: false
[21Sep2026 19:43:28.611] [modloading-worker-0/DEBUG] [io.netty.util.Recycler/]: -Dio.netty.recycler.maxCapacityPerThread: 4096
[21Sep2026 19:43:28.611] [modloading-worker-0/DEBUG] [io.netty.util.Recycler/]: -Dio.netty.recycler.ratio: 8
[21Sep2026 19:43:28.611] [modloading-worker-0/DEBUG] [io.netty.util.Recycler/]: -Dio.netty.recycler.chunkSize: 32
[21Sep2026 19:43:28.611] [modloading-worker-0/DEBUG] [io.netty.util.Recycler/]: -Dio.netty.recycler.blocking: false
[21Sep2026 19:43:28.611] [modloading-worker-0/DEBUG] [io.netty.util.Recycler/]: -Dio.netty.recycler.batchFastThreadLocalOnly: true
[21Sep2026 19:43:28.616] [modloading-worker-0/DEBUG] [io.netty.buffer.ByteBufUtil/]: -Dio.netty.allocator.type: adaptive
[21Sep2026 19:43:28.616] [modloading-worker-0/DEBUG] [io.netty.buffer.ByteBufUtil/]: -Dio.netty.threadLocalDirectBufferSize: 0
[21Sep2026 19:43:28.616] [modloading-worker-0/DEBUG] [io.netty.buffer.ByteBufUtil/]: -Dio.netty.maxThreadLocalCharBufferSize: 16384
[21Sep2026 19:43:28.623] [modloading-worker-0/DEBUG] [net.neoforged.fml.javafmlmod.AutomaticEventSubscriber/LOADING]: Subscribing method private static void net.neoforged.neoforge.network.filters.GenericPacketSplitter.register(net.neoforged.neoforge.network.event.RegisterPayloadHandlersEvent) to the event bus of mod neoforge
[21Sep2026 19:43:28.888] [modloading-sync-worker/DEBUG] [net.neoforged.fml.config.ConfigTracker/CONFIG]: Loading configs type COMMON
[21Sep2026 19:43:28.897] [modloading-sync-worker/DEBUG] [net.neoforged.neoforge.common.NeoForgeMod/FORGEMOD]: Loaded NeoForge config file neoforge-common.toml
[21Sep2026 19:43:28.897] [modloading-sync-worker/DEBUG] [net.neoforged.fml.config.ConfigTracker/CONFIG]: Loaded TOML config file /workspaces/server-1.21.11/config/neoforge-common.toml
[21Sep2026 19:43:28.905] [modloading-sync-worker/DEBUG] [net.neoforged.fml.config.ConfigTracker/CONFIG]: Watching TOML config file /workspaces/server-1.21.11/config/neoforge-common.toml for changes
[21Sep2026 19:43:28.919] [modloading-sync-worker/DEBUG] [net.neoforged.fml.DeferredWorkQueue/LOADING]: Dispatching synchronous work for work queue Common setup: 1 jobs
[21Sep2026 19:43:28.921] [modloading-sync-worker/DEBUG] [net.neoforged.fml.DeferredWorkQueue/LOADING]: Synchronous work queue completed in 1.000 ms
[21Sep2026 19:43:29.159] [main/INFO] [com.mojang.authlib.yggdrasil.YggdrasilAuthenticationService/]: Environment: Environment[sessionHost=https://sessionserver.mojang.com, servicesHost=https://api.minecraftservices.com, profilesHost=https://api.mojang.com, name=PROD]
[21Sep2026 19:43:32.857] [main/INFO] [net.minecraft.world.item.crafting.RecipeManager/]: Loaded 1470 recipes
[21Sep2026 19:43:32.880] [main/INFO] [net.minecraft.advancements.AdvancementTree/]: Loaded 1584 advancements
[21Sep2026 19:43:32.884] [main/INFO] [net.neoforged.neoforge.common.crafting.RecipePriorityManager/]: Loaded 0 recipe priority overrides
[21Sep2026 19:43:33.001] [main/DEBUG] [net.neoforged.neoforge.common.CommonHooks/WP]: Gathered mod list to write to world save world
[21Sep2026 19:43:33.105] [Server thread/INFO] [net.minecraft.server.dedicated.DedicatedServer/]: Starting minecraft server version 1.21.11
[21Sep2026 19:43:33.105] [Server thread/INFO] [net.minecraft.server.dedicated.DedicatedServer/]: Loading properties
[21Sep2026 19:43:33.105] [Server thread/INFO] [net.minecraft.server.dedicated.DedicatedServer/]: Default game type: SURVIVAL
[21Sep2026 19:43:33.105] [Server thread/INFO] [net.minecraft.server.MinecraftServer/]: Generating keypair
[21Sep2026 19:43:33.256] [Server thread/INFO] [net.minecraft.server.dedicated.DedicatedServer/]: Starting Minecraft server on *:25565
[21Sep2026 19:43:33.257] [Server thread/DEBUG] [net.neoforged.neoforge.network.DualStackUtils/]: Detected IPv6 address: "0:0:0:0:0:0:0:0"
[21Sep2026 19:43:33.294] [Server thread/DEBUG] [io.netty.channel.MultithreadEventLoopGroup/]: -Dio.netty.eventLoopThreads: 4
[21Sep2026 19:43:33.296] [Server thread/DEBUG] [io.netty.channel.nio.NioIoHandler/]: -Dio.netty.noKeySetOptimization: false
[21Sep2026 19:43:33.297] [Server thread/DEBUG] [io.netty.channel.nio.NioIoHandler/]: -Dio.netty.selectorAutoRebuildThreshold: 512
[21Sep2026 19:43:33.307] [Server thread/DEBUG] [io.netty.util.concurrent.GlobalEventExecutor/]: -Dio.netty.globalEventExecutor.quietPeriodSeconds: 1
[21Sep2026 19:43:33.321] [Server thread/DEBUG] [io.netty.util.internal.PlatformDependent/]: org.jctools-core.MpscChunkedArrayQueue: available
[21Sep2026 19:43:33.340] [Server thread/DEBUG] [io.netty.channel.DefaultChannelId/]: -Dio.netty.processId: 51536 (auto-detected)
[21Sep2026 19:43:33.343] [Server thread/DEBUG] [io.netty.util.NetUtil/]: -Djava.net.preferIPv4Stack: false
[21Sep2026 19:43:33.343] [Server thread/DEBUG] [io.netty.util.NetUtil/]: -Djava.net.preferIPv6Addresses: true
[21Sep2026 19:43:33.345] [Server thread/DEBUG] [io.netty.util.NetUtilInitializations/]: Loopback interface: lo (lo, 0:0:0:0:0:0:0:1%lo)
[21Sep2026 19:43:33.346] [Server thread/DEBUG] [io.netty.util.NetUtil/]: /proc/sys/net/core/somaxconn: 4096
[21Sep2026 19:43:33.347] [Server thread/DEBUG] [io.netty.channel.DefaultChannelId/]: -Dio.netty.machineId: 7c:ed:8d:ff:fe:b7:b3:94 (auto-detected)
[21Sep2026 19:43:33.365] [Server thread/DEBUG] [io.netty.bootstrap.ChannelInitializerExtensions/]: -Dio.netty.bootstrap.extensions: null
[21Sep2026 19:43:33.411] [Server thread/DEBUG] [net.neoforged.fml.config.ConfigTracker/CONFIG]: Loading configs type SERVER
[21Sep2026 19:43:33.413] [Server thread/DEBUG] [net.neoforged.neoforge.common.NeoForgeMod/FORGEMOD]: Loaded NeoForge config file neoforge-server.toml
[21Sep2026 19:43:33.413] [Server thread/DEBUG] [net.neoforged.fml.config.ConfigTracker/CONFIG]: Loaded TOML config file /workspaces/server-1.21.11/config/neoforge-server.toml
[21Sep2026 19:43:33.415] [Server thread/DEBUG] [net.neoforged.fml.config.ConfigTracker/CONFIG]: Watching TOML config file /workspaces/server-1.21.11/config/neoforge-server.toml for changes
[21Sep2026 19:43:33.491] [Server thread/INFO] [net.minecraft.server.dedicated.DedicatedServer/]: Preparing level "world"
[21Sep2026 19:43:34.295] [Server thread/INFO] [net.minecraft.server.level.progress.LoggingLevelLoadListener/]: Loading 0 persistent chunks...
[21Sep2026 19:43:34.298] [Server thread/INFO] [net.minecraft.server.level.progress.LoggingLevelLoadListener/]: Preparing spawn area: 100%
[21Sep2026 19:43:34.309] [Server thread/INFO] [net.minecraft.server.level.progress.LoggingLevelLoadListener/]: Time elapsed: 14 ms
[21Sep2026 19:43:34.309] [Server thread/INFO] [net.minecraft.server.dedicated.DedicatedServer/]: Done (0.899s)! For help, type "help"
[21Sep2026 19:43:34.368] [Server thread/DEBUG] [net.neoforged.neoforge.server.LanguageHook/]: Loaded 5 language files for en_us
[21Sep2026 19:43:34.375] [Server thread/INFO] [net.neoforged.neoforge.server.permission.PermissionAPI/]: Successfully initialized permission handler neoforge:default_handler
[21Sep2026 19:43:37.881] [Server thread/INFO] [net.minecraft.server.MinecraftServer/]: Unknown or incomplete command. See below for error
[21Sep2026 19:43:37.889] [Server thread/INFO] [net.minecraft.server.MinecraftServer/]: authme<--[HERE]
[21Sep2026 19:43:39.531] [Server thread/INFO] [net.minecraft.server.MinecraftServer/]: Unknown or incomplete command. See below for error
[21Sep2026 19:43:39.556] [Server thread/INFO] [net.minecraft.server.MinecraftServer/]: ls<--[HERE]
[21Sep2026 19:43:40.979] [Server thread/INFO] [net.minecraft.server.MinecraftServer/]: Unknown or incomplete command. See below for error
[21Sep2026 19:43:40.979] [Server thread/INFO] [net.minecraft.server.MinecraftServer/]: op<--[HERE]
[21Sep2026 19:43:48.077] [Server thread/INFO] [net.minecraft.server.MinecraftServer/]: Unknown or incomplete command. See below for error
[21Sep2026 19:43:48.079] [Server thread/INFO] [net.minecraft.server.MinecraftServer/]: op<--[HERE]
[21Sep2026 19:43:49.278] [Server thread/INFO] [net.minecraft.server.MinecraftServer/]: Unknown or incomplete command. See below for error
[21Sep2026 19:43:49.289] [Server thread/INFO] [net.minecraft.server.MinecraftServer/]: op<--[HERE]
[21Sep2026 19:44:34.327] [Server thread/INFO] [net.minecraft.server.MinecraftServer/]: Server empty for 60 seconds, pausing
[21Sep2026 19:44:34.363] [Server thread/DEBUG] [net.neoforged.neoforge.common.CommonHooks/WP]: Gathered mod list to write to world save world
[21Sep2026 19:44:49.588] [Server thread/INFO] [net.minecraft.server.MinecraftServer/]: /advancement (grant|revoke)
[21Sep2026 19:44:49.588] [Server thread/INFO] [net.minecraft.server.MinecraftServer/]: /attribute <target> <attribute> (get|base|modifier)
[21Sep2026 19:44:49.589] [Server thread/INFO] [net.minecraft.server.MinecraftServer/]: /execute (run|if|unless|as|at|store|positioned|rotated|facing|align|anchored|in|summon|on)
[21Sep2026 19:44:49.589] [Server thread/INFO] [net.minecraft.server.MinecraftServer/]: /bossbar (add|remove|list|set|get)
[21Sep2026 19:44:49.589] [Server thread/INFO] [net.minecraft.server.MinecraftServer/]: /clear [<targets>]
[21Sep2026 19:44:49.589] [Server thread/INFO] [net.minecraft.server.MinecraftServer/]: /clone (<begin>|from)
[21Sep2026 19:44:49.589] [Server thread/INFO] [net.minecraft.server.MinecraftServer/]: /damage <target> <amount> [<damageType>]
[21Sep2026 19:44:49.589] [Server thread/INFO] [net.minecraft.server.MinecraftServer/]: /data (merge|get|remove|modify)
[21Sep2026 19:44:49.589] [Server thread/INFO] [net.minecraft.server.MinecraftServer/]: /datapack (enable|disable|list|create)
[21Sep2026 19:44:49.589] [Server thread/INFO] [net.minecraft.server.MinecraftServer/]: /debug (start|stop|function)
[21Sep2026 19:44:49.590] [Server thread/INFO] [net.minecraft.server.MinecraftServer/]: /defaultgamemode <gamemode>
[21Sep2026 19:44:49.590] [Server thread/INFO] [net.minecraft.server.MinecraftServer/]: /dialog (show|clear)
[21Sep2026 19:44:49.590] [Server thread/INFO] [net.minecraft.server.MinecraftServer/]: /difficulty [peaceful|easy|normal|hard]
[21Sep2026 19:44:49.590] [Server thread/INFO] [net.minecraft.server.MinecraftServer/]: /effect (clear|give)
[21Sep2026 19:44:49.590] [Server thread/INFO] [net.minecraft.server.MinecraftServer/]: /me <action>
[21Sep2026 19:44:49.590] [Server thread/INFO] [net.minecraft.server.MinecraftServer/]: /enchant <targets> <enchantment> [<level>]
[21Sep2026 19:44:49.590] [Server thread/INFO] [net.minecraft.server.MinecraftServer/]: /experience (add|set|query)
[21Sep2026 19:44:49.590] [Server thread/INFO] [net.minecraft.server.MinecraftServer/]: /xp -> experience
[21Sep2026 19:44:49.590] [Server thread/INFO] [net.minecraft.server.MinecraftServer/]: /fill <from> <to> <block> [outline|hollow|destroy|strict|replace|keep]
[21Sep2026 19:44:49.590] [Server thread/INFO] [net.minecraft.server.MinecraftServer/]: /fillbiome <from> <to> <biome> [replace]
[21Sep2026 19:44:49.591] [Server thread/INFO] [net.minecraft.server.MinecraftServer/]: /forceload (add|remove|query)
[21Sep2026 19:44:49.591] [Server thread/INFO] [net.minecraft.server.MinecraftServer/]: /function <name> [<arguments>|with]
[21Sep2026 19:44:49.591] [Server thread/INFO] [net.minecraft.server.MinecraftServer/]: /gamemode <gamemode> [<target>]
[21Sep2026 19:44:49.591] [Server thread/INFO] [net.minecraft.server.MinecraftServer/]: /gamerule (respawn_radius|minecraft:respawn_radius|mob_explosion_drop_decay|minecraft:mob_explosion_drop_decay|advance_weather|minecraft:advance_weather|spawn_mobs|minecraft:spawn_mobs|fire_spread_radius_around_player|minecraft:fire_spread_radius_around_player|drowning_damage|minecraft:drowning_damage|max_command_forks|minecraft:max_command_forks|fall_damage|minecraft:fall_damage|water_source_conversion|minecraft:water_source_conversion|command_block_output|minecraft:command_block_output|tnt_explosion_drop_decay|minecraft:tnt_explosion_drop_decay|command_blocks_work|minecraft:command_blocks_work|spawner_blocks_work|minecraft:spawner_blocks_work|elytra_movement_check|minecraft:elytra_movement_check|players_sleeping_percentage|minecraft:players_sleeping_percentage|spectators_generate_chunks|minecraft:spectators_generate_chunks|tnt_explodes|minecraft:tnt_explodes|raids|minecraft:raids|max_snow_accumulation_height|minecraft:max_snow_accumulation_height|log_admin_commands|minecraft:log_admin_commands|advance_time|minecraft:advance_time|natural_health_regeneration|minecraft:natural_health_regeneration|mob_griefing|minecraft:mob_griefing|spread_vines|minecraft:spread_vines|spawn_wardens|minecraft:spawn_wardens|random_tick_speed|minecraft:random_tick_speed|spawn_wandering_traders|minecraft:spawn_wandering_traders|spawn_phantoms|minecraft:spawn_phantoms|lava_source_conversion|minecraft:lava_source_conversion|reduced_debug_info|minecraft:reduced_debug_info|show_death_messages|minecraft:show_death_messages|mob_drops|minecraft:mob_drops|block_drops|minecraft:block_drops|allow_entering_nether_using_portals|minecraft:allow_entering_nether_using_portals|freeze_damage|minecraft:freeze_damage|max_entity_cramming|minecraft:max_entity_cramming|universal_anger|minecraft:universal_anger|immediate_respawn|minecraft:immediate_respawn|block_explosion_drop_decay|minecraft:block_explosion_drop_decay|global_sound_events|minecraft:global_sound_events|spawn_monsters|minecraft:spawn_monsters|max_command_sequence_length|minecraft:max_command_sequence_length|pvp|minecraft:pvp|entity_drops|minecraft:entity_drops|keep_inventory|minecraft:keep_inventory|limited_crafting|minecraft:limited_crafting|projectiles_can_break_blocks|minecraft:projectiles_can_break_blocks|ender_pearls_vanish_on_death|minecraft:ender_pearls_vanish_on_death|forgive_dead_players|minecraft:forgive_dead_players|max_block_modifications|minecraft:max_block_modifications|locator_bar|minecraft:locator_bar|players_nether_portal_creative_delay|minecraft:players_nether_portal_creative_delay|fire_damage|minecraft:fire_damage|spawn_patrols|minecraft:spawn_patrols|player_movement_check|minecraft:player_movement_check|players_nether_portal_default_delay|minecraft:players_nether_portal_default_delay|show_advancement_messages|minecraft:show_advancement_messages|send_command_feedback|minecraft:send_command_feedback)
[21Sep2026 19:44:49.591] [Server thread/INFO] [net.minecraft.server.MinecraftServer/]: /give <targets> <item> [<count>]
[21Sep2026 19:44:49.591] [Server thread/INFO] [net.minecraft.server.MinecraftServer/]: /help [<command>]
[21Sep2026 19:44:49.591] [Server thread/INFO] [net.minecraft.server.MinecraftServer/]: /item (replace|modify)
[21Sep2026 19:44:49.591] [Server thread/INFO] [net.minecraft.server.MinecraftServer/]: /kick <targets> [<reason>]
[21Sep2026 19:44:49.592] [Server thread/INFO] [net.minecraft.server.MinecraftServer/]: /kill [<targets>]
[21Sep2026 19:44:49.592] [Server thread/INFO] [net.minecraft.server.MinecraftServer/]: /list [uuids]
[21Sep2026 19:44:49.593] [Server thread/INFO] [net.minecraft.server.MinecraftServer/]: /locate (structure|biome|poi)
[21Sep2026 19:44:49.593] [Server thread/INFO] [net.minecraft.server.MinecraftServer/]: /loot (replace|insert|give|spawn)
[21Sep2026 19:44:49.593] [Server thread/INFO] [net.minecraft.server.MinecraftServer/]: /msg <targets> <message>
[21Sep2026 19:44:49.593] [Server thread/INFO] [net.minecraft.server.MinecraftServer/]: /tell -> msg
[21Sep2026 19:44:49.594] [Server thread/INFO] [net.minecraft.server.MinecraftServer/]: /w -> msg
[21Sep2026 19:44:49.594] [Server thread/INFO] [net.minecraft.server.MinecraftServer/]: /particle <name> [<pos>]
[21Sep2026 19:44:49.594] [Server thread/INFO] [net.minecraft.server.MinecraftServer/]: /place (feature|jigsaw|structure|template)
[21Sep2026 19:44:49.594] [Server thread/INFO] [net.minecraft.server.MinecraftServer/]: /playsound <sound> [master|music|record|weather|block|hostile|neutral|player|ambient|voice|ui]
[21Sep2026 19:44:49.595] [Server thread/INFO] [net.minecraft.server.MinecraftServer/]: /random (value|roll|reset)
[21Sep2026 19:44:49.595] [Server thread/INFO] [net.minecraft.server.MinecraftServer/]: /reload
[21Sep2026 19:44:49.595] [Server thread/INFO] [net.minecraft.server.MinecraftServer/]: /recipe (give|take)
[21Sep2026 19:44:49.596] [Server thread/INFO] [net.minecraft.server.MinecraftServer/]: /fetchprofile (name|id)
[21Sep2026 19:44:49.596] [Server thread/INFO] [net.minecraft.server.MinecraftServer/]: /return (<value>|fail|run)
[21Sep2026 19:44:49.596] [Server thread/INFO] [net.minecraft.server.MinecraftServer/]: /ride <target> (mount|dismount)
[21Sep2026 19:44:49.596] [Server thread/INFO] [net.minecraft.server.MinecraftServer/]: /rotate <target> (<rotation>|facing)
[21Sep2026 19:44:49.597] [Server thread/INFO] [net.minecraft.server.MinecraftServer/]: /say <message>
[21Sep2026 19:44:49.597] [Server thread/INFO] [net.minecraft.server.MinecraftServer/]: /schedule (function|clear)
[21Sep2026 19:44:49.597] [Server thread/INFO] [net.minecraft.server.MinecraftServer/]: /scoreboard (objectives|players)
[21Sep2026 19:44:49.597] [Server thread/INFO] [net.minecraft.server.MinecraftServer/]: /seed
[21Sep2026 19:44:49.597] [Server thread/INFO] [net.minecraft.server.MinecraftServer/]: /version
[21Sep2026 19:44:49.598] [Server thread/INFO] [net.minecraft.server.MinecraftServer/]: /setblock <pos> <block> [destroy|keep|replace|strict]
[21Sep2026 19:44:49.598] [Server thread/INFO] [net.minecraft.server.MinecraftServer/]: /spawnpoint [<targets>]
[21Sep2026 19:44:49.598] [Server thread/INFO] [net.minecraft.server.MinecraftServer/]: /setworldspawn [<pos>]
[21Sep2026 19:44:49.598] [Server thread/INFO] [net.minecraft.server.MinecraftServer/]: /spectate [<target>]
[21Sep2026 19:44:49.599] [Server thread/INFO] [net.minecraft.server.MinecraftServer/]: /spreadplayers <center> <spreadDistance> <maxRange> (<respectTeams>|under)
[21Sep2026 19:44:49.599] [Server thread/INFO] [net.minecraft.server.MinecraftServer/]: /stopsound <targets> [*|master|music|record|weather|block|hostile|neutral|player|ambient|voice|ui]
[21Sep2026 19:44:49.599] [Server thread/INFO] [net.minecraft.server.MinecraftServer/]: /stopwatch (create|query|restart|remove)
[21Sep2026 19:44:49.599] [Server thread/INFO] [net.minecraft.server.MinecraftServer/]: /summon <entity> [<pos>]
[21Sep2026 19:44:49.600] [Server thread/INFO] [net.minecraft.server.MinecraftServer/]: /tag <targets> (add|remove|list)
[21Sep2026 19:44:49.600] [Server thread/INFO] [net.minecraft.server.MinecraftServer/]: /team (list|add|remove|empty|join|leave|modify)
[21Sep2026 19:44:49.600] [Server thread/INFO] [net.minecraft.server.MinecraftServer/]: /teammsg <message>
[21Sep2026 19:44:49.600] [Server thread/INFO] [net.minecraft.server.MinecraftServer/]: /tm -> teammsg
[21Sep2026 19:44:49.600] [Server thread/INFO] [net.minecraft.server.MinecraftServer/]: /teleport (<location>|<destination>|<targets>)
[21Sep2026 19:44:49.601] [Server thread/INFO] [net.minecraft.server.MinecraftServer/]: /tp -> teleport
[21Sep2026 19:44:49.601] [Server thread/INFO] [net.minecraft.server.MinecraftServer/]: /tellraw <targets> <message>
[21Sep2026 19:44:49.601] [Server thread/INFO] [net.minecraft.server.MinecraftServer/]: /test (run|runmultiple|runthese|runclosest|runthat|runfailed|verify|locate|resetclosest|resetthese|resetthat|clearthat|clearthese|clearall|stop|pos|create)
[21Sep2026 19:44:49.601] [Server thread/INFO] [net.minecraft.server.MinecraftServer/]: /tick (query|rate|step|sprint|unfreeze|freeze)
[21Sep2026 19:44:49.602] [Server thread/INFO] [net.minecraft.server.MinecraftServer/]: /time (set|add|query)
[21Sep2026 19:44:49.602] [Server thread/INFO] [net.minecraft.server.MinecraftServer/]: /title <targets> (clear|reset|title|subtitle|actionbar|times)
[21Sep2026 19:44:49.602] [Server thread/INFO] [net.minecraft.server.MinecraftServer/]: /trigger <objective> [add|set]
[21Sep2026 19:44:49.602] [Server thread/INFO] [net.minecraft.server.MinecraftServer/]: /waypoint (list|modify)
[21Sep2026 19:44:49.603] [Server thread/INFO] [net.minecraft.server.MinecraftServer/]: /weather (clear|rain|thunder)
[21Sep2026 19:44:49.603] [Server thread/INFO] [net.minecraft.server.MinecraftServer/]: /worldborder (add|set|center|damage|get|warning)
[21Sep2026 19:44:49.603] [Server thread/INFO] [net.minecraft.server.MinecraftServer/]: /jfr (start|stop)
[21Sep2026 19:44:49.603] [Server thread/INFO] [net.minecraft.server.MinecraftServer/]: /ban-ip <target> [<reason>]
[21Sep2026 19:44:49.603] [Server thread/INFO] [net.minecraft.server.MinecraftServer/]: /banlist [ips|players]
[21Sep2026 19:44:49.604] [Server thread/INFO] [net.minecraft.server.MinecraftServer/]: /ban <targets> [<reason>]
[21Sep2026 19:44:49.604] [Server thread/INFO] [net.minecraft.server.MinecraftServer/]: /deop <targets>
[21Sep2026 19:44:49.604] [Server thread/INFO] [net.minecraft.server.MinecraftServer/]: /op <targets>
[21Sep2026 19:44:49.604] [Server thread/INFO] [net.minecraft.server.MinecraftServer/]: /pardon <targets>
[21Sep2026 19:44:49.604] [Server thread/INFO] [net.minecraft.server.MinecraftServer/]: /pardon-ip <target>
[21Sep2026 19:44:49.605] [Server thread/INFO] [net.minecraft.server.MinecraftServer/]: /perf (start|stop)
[21Sep2026 19:44:49.605] [Server thread/INFO] [net.minecraft.server.MinecraftServer/]: /save-all [flush]
[21Sep2026 19:44:49.605] [Server thread/INFO] [net.minecraft.server.MinecraftServer/]: /save-off
[21Sep2026 19:44:49.605] [Server thread/INFO] [net.minecraft.server.MinecraftServer/]: /save-on
[21Sep2026 19:44:49.606] [Server thread/INFO] [net.minecraft.server.MinecraftServer/]: /setidletimeout <minutes>
[21Sep2026 19:44:49.606] [Server thread/INFO] [net.minecraft.server.MinecraftServer/]: /stop
[21Sep2026 19:44:49.606] [Server thread/INFO] [net.minecraft.server.MinecraftServer/]: /transfer <hostname> [<port>]
[21Sep2026 19:44:49.606] [Server thread/INFO] [net.minecraft.server.MinecraftServer/]: /whitelist (on|off|list|add|remove|reload)
[21Sep2026 19:44:49.606] [Server thread/INFO] [net.minecraft.server.MinecraftServer/]: /neoforge (tps|track|entity|generate|dimensions|mods|tags|dump|day|data_components)
[21Sep2026 19:44:49.606] [Server thread/INFO] [net.minecraft.server.MinecraftServer/]: /config showfile <mod> <type>
[21Sep2026 19:44:52.327] [Server thread/INFO] [net.minecraft.server.MinecraftServer/]: Unknown command or insufficient permissions
[21Sep2026 19:46:39.728] [Server thread/INFO] [net.minecraft.server.MinecraftServer/]: Stopping the server
[21Sep2026 19:46:39.778] [Server thread/DEBUG] [net.neoforged.fml.classloading.transformation.ClassTransformStatistics/]: Transformed/total loaded classes: 270/5442 (4.96%) and 10 parsed for mixin
[21Sep2026 19:46:39.779] [Server thread/INFO] [net.minecraft.server.MinecraftServer/]: Stopping server
[21Sep2026 19:46:39.781] [Server thread/INFO] [net.minecraft.server.MinecraftServer/]: Saving players
[21Sep2026 19:46:39.781] [Server thread/INFO] [net.minecraft.server.MinecraftServer/]: Saving worlds
[21Sep2026 19:46:39.783] [Server thread/INFO] [net.minecraft.server.MinecraftServer/]: Saving chunks for level 'ServerLevel[world]'/minecraft:overworld
[21Sep2026 19:46:39.799] [Server thread/INFO] [net.minecraft.server.MinecraftServer/]: Saving chunks for level 'ServerLevel[world]'/minecraft:the_nether
[21Sep2026 19:46:39.804] [Server thread/INFO] [net.minecraft.server.MinecraftServer/]: Saving chunks for level 'ServerLevel[world]'/minecraft:the_end
[21Sep2026 19:46:39.810] [Server thread/DEBUG] [net.neoforged.neoforge.common.CommonHooks/WP]: Gathered mod list to write to world save world
[21Sep2026 19:46:39.817] [Server thread/INFO] [net.minecraft.server.MinecraftServer/]: ThreadedAnvilChunkStorage (world): All chunks are saved
[21Sep2026 19:46:39.817] [Server thread/INFO] [net.minecraft.server.MinecraftServer/]: ThreadedAnvilChunkStorage (DIM-1): All chunks are saved
[21Sep2026 19:46:39.817] [Server thread/INFO] [net.minecraft.server.MinecraftServer/]: ThreadedAnvilChunkStorage (DIM1): All chunks are saved
[21Sep2026 19:46:39.818] [Server thread/INFO] [net.minecraft.server.MinecraftServer/]: ThreadedAnvilChunkStorage: All dimensions are saved
[21Sep2026 19:46:39.839] [Server thread/DEBUG] [net.neoforged.fml.config.ConfigTracker/CONFIG]: Unloading configs type SERVER
[21Sep2026 19:46:39.841] [main/INFO] [net.neoforged.fml.loading.FMLLoader/]: Closing FML Loader 2738abb7
[21Sep2026 19:46:39.844] [main/INFO] [net.neoforged.fml.ModLoader/]: Clearing ModLoader
