[21:11:45] [main/INFO]: Loading Minecraft 1.21.11 with Fabric Loader 0.19.5
[21:11:46] [main/INFO]: Loading 55 mods:
	- fabric-api 0.141.6+1.21.11
	   |-- fabric-api-base 1.0.5+4ebb5c083e
	   |-- fabric-api-lookup-api-v1 1.6.114+20dc27073e
	   |-- fabric-biome-api-v1 17.1.1+4fc5413f3e
	   |-- fabric-block-api-v1 1.1.10+4ebb5c083e
	   |-- fabric-block-view-api-v2 1.0.39+4ebb5c083e
	   |-- fabric-command-api-v2 2.4.7+6b42a6003e
	   |-- fabric-content-registries-v0 10.2.14+4fc5413f3e
	   |-- fabric-convention-tags-v1 2.1.55+7f945d5b3e
	   |-- fabric-convention-tags-v2 2.17.3+8ef948ba3e
	   |-- fabric-crash-report-info-v1 0.3.23+4ebb5c083e
	   |-- fabric-data-attachment-api-v1 1.8.48+eed0806f3e
	   |-- fabric-data-generation-api-v1 23.5.0+88d7da613e
	   |-- fabric-dimensions-v1 4.0.28+4fc5413f3e
	   |-- fabric-entity-events-v1 3.1.1+1d0ab4303e
	   |-- fabric-events-interaction-v0 4.1.1+3b89ecf63e
	   |-- fabric-game-rule-api-v1 2.0.3+4fc5413f3e
	   |-- fabric-item-api-v1 11.6.0+67f17bb43e
	   |-- fabric-item-group-api-v1 4.2.36+4fc5413f3e
	   |-- fabric-lifecycle-events-v1 2.6.15+4ebb5c083e
	   |-- fabric-loot-api-v2 3.0.73+3f89f5a53e
	   |-- fabric-loot-api-v3 2.0.20+78c8b4663e
	   |-- fabric-message-api-v1 6.1.12+4ebb5c083e
	   |-- fabric-networking-api-v1 5.1.6+6b6d71a53e
	   |-- fabric-object-builder-api-v1 21.1.40+4fc5413f3e
	   |-- fabric-particles-v1 4.2.12+4fc5413f3e
	   |-- fabric-recipe-api-v1 8.2.4+4ebb5c083e
	   |-- fabric-registry-sync-v0 6.2.6+1718722b3e
	   |-- fabric-rendering-fluids-v1 3.1.43+4ebb5c083e
	   |-- fabric-resource-conditions-api-v1 5.0.35+4fc5413f3e
	   |-- fabric-resource-loader-v0 3.3.4+4fc5413f3e
	   |-- fabric-resource-loader-v1 1.0.10+78c8b4663e
	   |-- fabric-screen-handler-api-v1 1.3.162+4fc5413f3e
	   |-- fabric-serialization-api-v1 1.0.5+4ebb5c083e
	   |-- fabric-tag-api-v1 1.3.0+88d7da613e
	   |-- fabric-transfer-api-v1 6.0.25+4fc5413f3e
	   \-- fabric-transitive-access-wideners-v1 7.1.0+014c8cec3e
	- fabricloader 0.19.5
	   \-- mixinextras 0.5.5
	- gui-shop 2.1.0+1.21.11
	   |-- common-economy-api 1.2.1
	   |-- fabric-permissions-api-v0 0.6.1
	   |-- org_xerial_sqlite-jdbc 3.36.0.3
	   |-- placeholder-api 2.8.1+1.21.10
	   |-- polymer-core 0.15.1+1.21.11
	   |    |-- polymer-networking 0.15.1+1.21.11
	   |    |    \-- polymer-common 0.15.1+1.21.11
	   |    |         \-- packet_tweaker 0.6.0+1.21.10
	   |    \-- polymer-registry-sync-manipulator 0.15.1+1.21.11
	   \-- sgui 1.12.0+1.21.11
	- java 25
	- minecraft 1.21.11
	- sharedhealth 1.2.10
	   |-- cardinal-components-base 7.3.0
	   \-- cardinal-components-scoreboard 7.3.0
[21:11:46] [main/INFO]: SpongePowered MIXIN Subsystem Version=0.8.7 Source=file:/C:/Boot/fabric/libraries/net/fabricmc/sponge-mixin/0.17.4+mixin.0.8.7/sponge-mixin-0.17.4+mixin.0.8.7.jar Service=Knot/Fabric Env=SERVER
[21:11:46] [main/INFO]: Initializing MixinExtras via com.llamalad7.mixinextras.service.MixinExtrasServiceImpl(version=0.5.5).
[21:11:49] [main/INFO]: GUI Shop loaded!
[21:11:49] [main/INFO]: Loading config
[21:11:49] [main/INFO]: Config loaded
[21:11:49] [main/INFO]: The built-in economy provider has not been configured. Using default configuration.
[21:11:49] [main/INFO]: No database configuration found. Adding the default SQLite configuration.
[21:11:49] [main/INFO]: Environment: Environment[sessionHost=https://sessionserver.mojang.com, servicesHost=https://api.minecraftservices.com, profilesHost=https://api.mojang.com, name=PROD]
[21:11:49] [main/INFO]: Found new data pack fabric-convention-tags-v2, loading it automatically
[21:11:49] [main/INFO]: No existing world data, creating new world
[21:11:49] [main/INFO]: Loaded 1470 recipes
[21:11:49] [main/INFO]: Loaded 1584 advancements
[21:11:49] [main/INFO]: Applied 0 biome modifications to 0 of 65 new biomes in 598.7 μs
[21:11:50] [Server thread/INFO]: Starting minecraft server version 1.21.11
[21:11:50] [Server thread/INFO]: Loading properties
[21:11:50] [Server thread/INFO]: Default game type: SURVIVAL
[21:11:50] [Server thread/INFO]: Generating keypair
[21:11:50] [Server thread/INFO]: Starting Minecraft server on *:25565
[21:11:50] [Server thread/INFO]: Preparing level "world"
[21:11:50] [Server thread/INFO]: Selecting global world spawn...
[21:11:51] [Server thread/INFO]: Loading 0 persistent chunks...
[21:11:52] [Server thread/INFO]: Preparing spawn area: 100%
[21:11:52] [Server thread/INFO]: Time elapsed: 1295 ms
[21:11:52] [Server thread/INFO]: Done (1.492s)! For help, type "help"
[21:11:54] [Server thread/INFO]: Unknown or incomplete command. See below for error
[21:11:54] [Server thread/INFO]: sstop<--[HERE]
[21:11:55] [Server thread/INFO]: Stopping the server
[21:11:55] [Server thread/INFO]: Stopping server
[21:11:55] [Server thread/INFO]: Saving players
[21:11:55] [Server thread/INFO]: Saving worlds
[21:11:55] [Server thread/INFO]: Saving chunks for level 'ServerLevel[world]'/minecraft:overworld
[21:11:55] [Server thread/INFO]: Saving chunks for level 'ServerLevel[world]'/minecraft:the_end
[21:11:55] [Server thread/INFO]: Saving chunks for level 'ServerLevel[world]'/minecraft:the_nether
[21:11:55] [Server thread/INFO]: ThreadedAnvilChunkStorage (world): All chunks are saved
[21:11:55] [Server thread/INFO]: ThreadedAnvilChunkStorage (DIM1): All chunks are saved
[21:11:55] [Server thread/INFO]: ThreadedAnvilChunkStorage (DIM-1): All chunks are saved
[21:11:55] [Server thread/INFO]: ThreadedAnvilChunkStorage: All dimensions are saved
[21:11:55] [Server thread/INFO]: Config saved to file
